<html>
<body>
<pre>
<h1>µVision Build Log</h1>
<h2>Project:</h2>
D:\MDK4.72\STM32\CAN×ÜÏß\CAN_2\Project\RVMDK(UV4)\CAN.uvproj
Project File Date:  05/01/2016

<h2>Output:</h2>
Rebuild target 'CAN'
assembling startup_stm32f10x_hd.s...
compiling core_cm3.c...
compiling system_stm32f10x.c...
..\..\Libraries\CMSIS\stm32f10x.h(96): error:  #35: #error directive: "Please select first the target STM32F10x device used in your application (in stm32f10x.h file)"
compiling misc.c...
..\..\Libraries\FWlib\src\misc.c(24): error:  #5: cannot open source input file "misc.h": No such file or directory
compiling stm32f10x_can.c...
..\..\Libraries\FWlib\src\stm32f10x_can.c(23): error:  #5: cannot open source input file "stm32f10x_can.h": No such file or directory
compiling stm32f10x_gpio.c...
..\..\Libraries\FWlib\src\stm32f10x_gpio.c(23): error:  #5: cannot open source input file "stm32f10x_gpio.h": No such file or directory
compiling stm32f10x_rcc.c...
..\..\Libraries\FWlib\src\stm32f10x_rcc.c(23): error:  #5: cannot open source input file "stm32f10x_rcc.h": No such file or directory
compiling stm32f10x_usart.c...
..\..\Libraries\FWlib\src\stm32f10x_usart.c(23): error:  #5: cannot open source input file "stm32f10x_usart.h": No such file or directory
compiling bsp_CAN.c...
D:\MDK4.72\ARM\Inc\ST\STM32F10x\stm32f10x.h(96): error:  #35: #error directive: "Please select first the target STM32F10x device used in your application (in stm32f10x.h file)"
compiling bsp_USART.c...
D:\MDK4.72\ARM\Inc\ST\STM32F10x\stm32f10x.h(96): error:  #35: #error directive: "Please select first the target STM32F10x device used in your application (in stm32f10x.h file)"
compiling main.c...
D:\MDK4.72\ARM\Inc\ST\STM32F10x\stm32f10x.h(96): error:  #35: #error directive: "Please select first the target STM32F10x device used in your application (in stm32f10x.h file)"
compiling stm32f10x_it.c...
D:\MDK4.72\ARM\Inc\ST\STM32F10x\stm32f10x.h(96): error:  #35: #error directive: "Please select first the target STM32F10x device used in your application (in stm32f10x.h file)"
".\CAN.axf" - 10 Errors, 0 Warning(s).
Target not created
Build target 'CAN'
assembling startup_stm32f10x_hd.s...
compiling core_cm3.c...
core_cm3.c: Error: command-line:  #992: invalid macro definition: STM32F10X_HD.
"..\..\Output\CAN.axf" - 1 Errors, 0 Warning(s).
Target not created
Build target 'CAN'
assembling startup_stm32f10x_hd.s...
compiling core_cm3.c...
compiling system_stm32f10x.c...
compiling misc.c...
compiling stm32f10x_can.c...
compiling stm32f10x_gpio.c...
compiling stm32f10x_rcc.c...
compiling stm32f10x_usart.c...
compiling bsp_CAN.c...
compiling bsp_USART.c...
compiling main.c...
compiling stm32f10x_it.c...
linking...
Program Size: Code=6592 RO-data=388 RW-data=36 ZI-data=1924  
FromELF: creating hex file...
"..\..\Output\CAN.axf" - 0 Errors, 0 Warning(s).
