Component: ARM Compiler 5.06 update 6 (build 750) Tool: armlink [4d35ed]

==============================================================================

Section Cross References

    startup_stm32f10x_hd.o(RESET) refers to startup_stm32f10x_hd.o(STACK) for __initial_sp
    startup_stm32f10x_hd.o(RESET) refers to startup_stm32f10x_hd.o(.text) for Reset_Handler
    startup_stm32f10x_hd.o(RESET) refers to stm32f10x_it.o(i.NMI_Handler) for NMI_Handler
    startup_stm32f10x_hd.o(RESET) refers to stm32f10x_it.o(i.HardFault_Handler) for HardFault_Handler
    startup_stm32f10x_hd.o(RESET) refers to stm32f10x_it.o(i.MemManage_Handler) for MemManage_Handler
    startup_stm32f10x_hd.o(RESET) refers to stm32f10x_it.o(i.BusFault_Handler) for BusFault_Handler
    startup_stm32f10x_hd.o(RESET) refers to stm32f10x_it.o(i.UsageFault_Handler) for UsageFault_Handler
    startup_stm32f10x_hd.o(RESET) refers to stm32f10x_it.o(i.SVC_Handler) for SVC_Handler
    startup_stm32f10x_hd.o(RESET) refers to stm32f10x_it.o(i.DebugMon_Handler) for DebugMon_Handler
    startup_stm32f10x_hd.o(RESET) refers to stm32f10x_it.o(i.PendSV_Handler) for PendSV_Handler
    startup_stm32f10x_hd.o(RESET) refers to stm32f10x_it.o(i.SysTick_Handler) for SysTick_Handler
    startup_stm32f10x_hd.o(RESET) refers to stm32f10x_it.o(i.EXTI0_IRQHandler) for EXTI0_IRQHandler
    startup_stm32f10x_hd.o(RESET) refers to stm32f10x_it.o(i.EXTI2_IRQHandler) for EXTI2_IRQHandler
    startup_stm32f10x_hd.o(RESET) refers to stm32f10x_it.o(i.EXTI4_IRQHandler) for EXTI4_IRQHandler
    startup_stm32f10x_hd.o(RESET) refers to stm32f10x_it.o(i.USB_LP_CAN1_RX0_IRQHandler) for USB_LP_CAN1_RX0_IRQHandler
    startup_stm32f10x_hd.o(RESET) refers to stm32f10x_it.o(i.CAN1_RX1_IRQHandler) for CAN1_RX1_IRQHandler
    startup_stm32f10x_hd.o(RESET) refers to stm32f10x_it.o(i.EXTI9_5_IRQHandler) for EXTI9_5_IRQHandler
    startup_stm32f10x_hd.o(RESET) refers to stm32f10x_it.o(i.EXTI15_10_IRQHandler) for EXTI15_10_IRQHandler
    startup_stm32f10x_hd.o(.text) refers to system_stm32f10x.o(i.SystemInit) for SystemInit
    startup_stm32f10x_hd.o(.text) refers to entry.o(.ARM.Collect$$$$00000000) for __main
    system_stm32f10x.o(i.SetSysClock) refers to system_stm32f10x.o(i.SetSysClockTo72) for SetSysClockTo72
    system_stm32f10x.o(i.SystemCoreClockUpdate) refers to system_stm32f10x.o(.data) for SystemCoreClock
    system_stm32f10x.o(i.SystemInit) refers to system_stm32f10x.o(i.SetSysClock) for SetSysClock
    stm32f10x_adc.o(i.ADC_DeInit) refers to stm32f10x_rcc.o(i.RCC_APB2PeriphResetCmd) for RCC_APB2PeriphResetCmd
    stm32f10x_can.o(i.CAN_DeInit) refers to stm32f10x_rcc.o(i.RCC_APB1PeriphResetCmd) for RCC_APB1PeriphResetCmd
    stm32f10x_can.o(i.CAN_GetITStatus) refers to stm32f10x_can.o(i.CheckITStatus) for CheckITStatus
    stm32f10x_gpio.o(i.GPIO_AFIODeInit) refers to stm32f10x_rcc.o(i.RCC_APB2PeriphResetCmd) for RCC_APB2PeriphResetCmd
    stm32f10x_gpio.o(i.GPIO_DeInit) refers to stm32f10x_rcc.o(i.RCC_APB2PeriphResetCmd) for RCC_APB2PeriphResetCmd
    stm32f10x_rcc.o(i.RCC_GetClocksFreq) refers to stm32f10x_rcc.o(.data) for APBAHBPrescTable
    stm32f10x_rcc.o(i.RCC_WaitForHSEStartUp) refers to stm32f10x_rcc.o(i.RCC_GetFlagStatus) for RCC_GetFlagStatus
    stm32f10x_tim.o(i.TIM_DeInit) refers to stm32f10x_rcc.o(i.RCC_APB2PeriphResetCmd) for RCC_APB2PeriphResetCmd
    stm32f10x_tim.o(i.TIM_DeInit) refers to stm32f10x_rcc.o(i.RCC_APB1PeriphResetCmd) for RCC_APB1PeriphResetCmd
    stm32f10x_tim.o(i.TIM_ETRClockMode1Config) refers to stm32f10x_tim.o(i.TIM_ETRConfig) for TIM_ETRConfig
    stm32f10x_tim.o(i.TIM_ETRClockMode2Config) refers to stm32f10x_tim.o(i.TIM_ETRConfig) for TIM_ETRConfig
    stm32f10x_tim.o(i.TIM_ICInit) refers to stm32f10x_tim.o(i.TI1_Config) for TI1_Config
    stm32f10x_tim.o(i.TIM_ICInit) refers to stm32f10x_tim.o(i.TIM_SetIC1Prescaler) for TIM_SetIC1Prescaler
    stm32f10x_tim.o(i.TIM_ICInit) refers to stm32f10x_tim.o(i.TI2_Config) for TI2_Config
    stm32f10x_tim.o(i.TIM_ICInit) refers to stm32f10x_tim.o(i.TIM_SetIC2Prescaler) for TIM_SetIC2Prescaler
    stm32f10x_tim.o(i.TIM_ICInit) refers to stm32f10x_tim.o(i.TI3_Config) for TI3_Config
    stm32f10x_tim.o(i.TIM_ICInit) refers to stm32f10x_tim.o(i.TIM_SetIC3Prescaler) for TIM_SetIC3Prescaler
    stm32f10x_tim.o(i.TIM_ICInit) refers to stm32f10x_tim.o(i.TI4_Config) for TI4_Config
    stm32f10x_tim.o(i.TIM_ICInit) refers to stm32f10x_tim.o(i.TIM_SetIC4Prescaler) for TIM_SetIC4Prescaler
    stm32f10x_tim.o(i.TIM_ITRxExternalClockConfig) refers to stm32f10x_tim.o(i.TIM_SelectInputTrigger) for TIM_SelectInputTrigger
    stm32f10x_tim.o(i.TIM_PWMIConfig) refers to stm32f10x_tim.o(i.TI1_Config) for TI1_Config
    stm32f10x_tim.o(i.TIM_PWMIConfig) refers to stm32f10x_tim.o(i.TIM_SetIC1Prescaler) for TIM_SetIC1Prescaler
    stm32f10x_tim.o(i.TIM_PWMIConfig) refers to stm32f10x_tim.o(i.TI2_Config) for TI2_Config
[...]
    Removing stm32f10x_tim.o(i.TIM_SelectSlaveMode), (18 bytes).
    Removing stm32f10x_tim.o(i.TIM_SetAutoreload), (4 bytes).
    Removing stm32f10x_tim.o(i.TIM_SetClockDivision), (18 bytes).
    Removing stm32f10x_tim.o(i.TIM_SetCompare1), (4 bytes).
    Removing stm32f10x_tim.o(i.TIM_SetCompare2), (4 bytes).
    Removing stm32f10x_tim.o(i.TIM_SetCompare3), (4 bytes).
    Removing stm32f10x_tim.o(i.TIM_SetCompare4), (6 bytes).
    Removing stm32f10x_tim.o(i.TIM_SetCounter), (4 bytes).
    Removing stm32f10x_tim.o(i.TIM_SetIC1Prescaler), (18 bytes).
    Removing stm32f10x_tim.o(i.TIM_SetIC2Prescaler), (26 bytes).
    Removing stm32f10x_tim.o(i.TIM_SetIC3Prescaler), (18 bytes).
    Removing stm32f10x_tim.o(i.TIM_SetIC4Prescaler), (26 bytes).
    Removing stm32f10x_tim.o(i.TIM_TIxExternalClockConfig), (62 bytes).
    Removing stm32f10x_tim.o(i.TIM_TimeBaseStructInit), (18 bytes).
    Removing stm32f10x_tim.o(i.TIM_UpdateDisableConfig), (24 bytes).
    Removing stm32f10x_tim.o(i.TIM_UpdateRequestConfig), (24 bytes).
    Removing stm32f10x_usart.o(i.USART_ClearFlag), (18 bytes).
    Removing stm32f10x_usart.o(i.USART_ClearITPendingBit), (30 bytes).
    Removing stm32f10x_usart.o(i.USART_ClockInit), (34 bytes).
    Removing stm32f10x_usart.o(i.USART_ClockStructInit), (12 bytes).
    Removing stm32f10x_usart.o(i.USART_DMACmd), (18 bytes).
    Removing stm32f10x_usart.o(i.USART_DeInit), (156 bytes).
    Removing stm32f10x_usart.o(i.USART_GetITStatus), (84 bytes).
    Removing stm32f10x_usart.o(i.USART_HalfDuplexCmd), (24 bytes).
    Removing stm32f10x_usart.o(i.USART_IrDACmd), (24 bytes).
    Removing stm32f10x_usart.o(i.USART_IrDAConfig), (18 bytes).
    Removing stm32f10x_usart.o(i.USART_LINBreakDetectLengthConfig), (18 bytes).
    Removing stm32f10x_usart.o(i.USART_LINCmd), (24 bytes).
    Removing stm32f10x_usart.o(i.USART_OneBitMethodCmd), (24 bytes).
    Removing stm32f10x_usart.o(i.USART_OverSampling8Cmd), (22 bytes).
    Removing stm32f10x_usart.o(i.USART_ReceiveData), (10 bytes).
    Removing stm32f10x_usart.o(i.USART_ReceiverWakeUpCmd), (24 bytes).
    Removing stm32f10x_usart.o(i.USART_SendBreak), (10 bytes).
    Removing stm32f10x_usart.o(i.USART_SetAddress), (18 bytes).
    Removing stm32f10x_usart.o(i.USART_SetGuardTime), (16 bytes).
    Removing stm32f10x_usart.o(i.USART_SetPrescaler), (16 bytes).
    Removing stm32f10x_usart.o(i.USART_SmartCardCmd), (24 bytes).
    Removing stm32f10x_usart.o(i.USART_SmartCardNACKCmd), (24 bytes).
    Removing stm32f10x_usart.o(i.USART_StructInit), (24 bytes).
    Removing stm32f10x_usart.o(i.USART_WakeUpConfig), (18 bytes).
    Removing stm32f10x_fsmc.o(i.FSMC_ClearFlag), (64 bytes).
    Removing stm32f10x_fsmc.o(i.FSMC_ClearITPendingBit), (72 bytes).
    Removing stm32f10x_fsmc.o(i.FSMC_GetECC), (28 bytes).
    Removing stm32f10x_fsmc.o(i.FSMC_GetFlagStatus), (56 bytes).
    Removing stm32f10x_fsmc.o(i.FSMC_GetITStatus), (68 bytes).
    Removing stm32f10x_fsmc.o(i.FSMC_ITConfig), (128 bytes).
    Removing stm32f10x_fsmc.o(i.FSMC_NANDCmd), (92 bytes).
    Removing stm32f10x_fsmc.o(i.FSMC_NANDDeInit), (68 bytes).
    Removing stm32f10x_fsmc.o(i.FSMC_NANDECCCmd), (92 bytes).
    Removing stm32f10x_fsmc.o(i.FSMC_NANDInit), (136 bytes).
    Removing stm32f10x_fsmc.o(i.FSMC_NANDStructInit), (54 bytes).
    Removing stm32f10x_fsmc.o(i.FSMC_NORSRAMDeInit), (54 bytes).
    Removing stm32f10x_fsmc.o(i.FSMC_NORSRAMStructInit), (114 bytes).
    Removing stm32f10x_fsmc.o(i.FSMC_PCCARDCmd), (48 bytes).
    Removing stm32f10x_fsmc.o(i.FSMC_PCCARDDeInit), (40 bytes).
    Removing stm32f10x_fsmc.o(i.FSMC_PCCARDInit), (132 bytes).
    Removing stm32f10x_fsmc.o(i.FSMC_PCCARDStructInit), (60 bytes).
    Removing bsp_dht11.o(i.DHT11_GPIO_Config), (52 bytes).
    Removing bsp_dht11.o(i.DHT11_Mode_IPU), (28 bytes).
    Removing bsp_dht11.o(i.DHT11_Mode_Out_PP), (36 bytes).
    Removing bsp_dht11.o(i.Read_Byte), (96 bytes).
    Removing bsp_dht11.o(i.Read_DHT11), (160 bytes).
    Removing bsp_e18.o(i.E18_config), (36 bytes).
    Removing bsp_ili9341_lcd.o(i.LCD_GetPoint), (32 bytes).
    Removing bsp_ili9341_lcd.o(i.LCD_RD_data), (36 bytes).
    Removing bsp_ili9341_lcd.o(i.LCD_SetCursor), (58 bytes).
    Removing bsp_ili9341_lcd.o(i.LCD_SetPoint), (32 bytes).
    Removing bsp_usart1.o(i.fgetc), (32 bytes).
    Removing dfixul.o(.text), (48 bytes).
    Removing cdrcmple.o(.text), (48 bytes).

240 unused section(s) (total 10172 bytes) removed from the image.

==============================================================================

Image Symbol Table

    Local Symbols

    Symbol Name                              Value     Ov Type        Size  Object(Section)

    ../clib/microlib/division.c              0x00000000   Number         0  uldiv.o ABSOLUTE
    ../clib/microlib/division.c              0x00000000   Number         0  uidiv.o ABSOLUTE
    ../clib/microlib/init/entry.s            0x00000000   Number         0  entry9b.o ABSOLUTE
    ../clib/microlib/init/entry.s            0x00000000   Number         0  entry11b.o ABSOLUTE
    ../clib/microlib/init/entry.s            0x00000000   Number         0  entry11a.o ABSOLUTE
    ../clib/microlib/init/entry.s            0x00000000   Number         0  entry10b.o ABSOLUTE
    ../clib/microlib/init/entry.s            0x00000000   Number         0  entry10a.o ABSOLUTE
    ../clib/microlib/init/entry.s            0x00000000   Number         0  entry9a.o ABSOLUTE
    ../clib/microlib/init/entry.s            0x00000000   Number         0  entry8b.o ABSOLUTE
    ../clib/microlib/init/entry.s            0x00000000   Number         0  entry8a.o ABSOLUTE
    ../clib/microlib/init/entry.s            0x00000000   Number         0  entry7b.o ABSOLUTE
    ../clib/microlib/init/entry.s            0x00000000   Number         0  entry7a.o ABSOLUTE
    ../clib/microlib/init/entry.s            0x00000000   Number         0  entry5.o ABSOLUTE
    ../clib/microlib/init/entry.s            0x00000000   Number         0  entry.o ABSOLUTE
    ../clib/microlib/init/entry.s            0x00000000   Number         0  entry2.o ABSOLUTE
    ../clib/microlib/longlong.c              0x00000000   Number         0  llsshr.o ABSOLUTE
    ../clib/microlib/longlong.c              0x00000000   Number         0  llushr.o ABSOLUTE
    ../clib/microlib/longlong.c              0x00000000   Number         0  llshl.o ABSOLUTE
    ../clib/microlib/printf/printf.c         0x00000000   Number         0  printf0.o ABSOLUTE
    ../clib/microlib/printf/printf.c         0x00000000   Number         0  printfa.o ABSOLUTE
    ../clib/microlib/printf/printf.c         0x00000000   Number         0  printf1.o ABSOLUTE
    ../clib/microlib/printf/printf.c         0x00000000   Number         0  printf2.o ABSOLUTE
    ../clib/microlib/printf/printf.c         0x00000000   Number         0  printf3.o ABSOLUTE
    ../clib/microlib/printf/printf.c         0x00000000   Number         0  printf4.o ABSOLUTE
    ../clib/microlib/printf/printf.c         0x00000000   Number         0  printf5.o ABSOLUTE
    ../clib/microlib/printf/printf.c         0x00000000   Number         0  printf6.o ABSOLUTE
    ../clib/microlib/printf/printf.c         0x00000000   Number         0  printf7.o ABSOLUTE
    ../clib/microlib/printf/printf.c         0x00000000   Number         0  printf8.o ABSOLUTE
    ../clib/microlib/printf/printf.c         0x00000000   Number         0  printfb.o ABSOLUTE
    ../clib/microlib/printf/stubs.s          0x00000000   Number         0  stubs.o ABSOLUTE
    ../clib/microlib/stdio/streams.c         0x00000000   Number         0  stdout.o ABSOLUTE
    ../clib/microlib/stubs.s                 0x00000000   Number         0  iusefp.o ABSOLUTE
    ../fplib/microlib/d2f.c                  0x00000000   Number         0  d2f.o ABSOLUTE
    ../fplib/microlib/f2d.c                  0x00000000   Number         0  f2d.o ABSOLUTE
    ../fplib/microlib/fpadd.c                0x00000000   Number         0  dadd.o ABSOLUTE
    ../fplib/microlib/fpdiv.c                0x00000000   Number         0  ddiv.o ABSOLUTE
    ../fplib/microlib/fpdiv.c                0x00000000   Number         0  fdiv.o ABSOLUTE
    ../fplib/microlib/fpepilogue.c           0x00000000   Number         0  fepilogue.o ABSOLUTE
    ../fplib/microlib/fpepilogue.c           0x00000000   Number         0  depilogue.o ABSOLUTE
    ../fplib/microlib/fpfix.c                0x00000000   Number         0  ffixui.o ABSOLUTE
    ../fplib/microlib/fpfix.c                0x00000000   Number         0  dfixui.o ABSOLUTE
    ../fplib/microlib/fpfix.c                0x00000000   Number         0  dfixul.o ABSOLUTE
    ../fplib/microlib/fpflt.c                0x00000000   Number         0  ffltui.o ABSOLUTE
    ../fplib/microlib/fpflt.c                0x00000000   Number         0  dflti.o ABSOLUTE
    ../fplib/microlib/fpmul.c                0x00000000   Number         0  dmul.o ABSOLUTE
    ..\..\Libraries\CMSIS\core_cm3.c         0x00000000   Number         0  core_cm3.o ABSOLUTE
    ..\..\Libraries\CMSIS\startup\startup_stm32f10x_hd.s 0x00000000   Number         0  startup_stm32f10x_hd.o ABSOLUTE
    ..\..\Libraries\CMSIS\system_stm32f10x.c 0x00000000   Number         0  system_stm32f10x.o ABSOLUTE
    ..\..\Libraries\FWlib\src\misc.c         0x00000000   Number         0  misc.o ABSOLUTE
    ..\..\Libraries\FWlib\src\stm32f10x_adc.c 0x00000000   Number         0  stm32f10x_adc.o ABSOLUTE
    ..\..\Libraries\FWlib\src\stm32f10x_can.c 0x00000000   Number         0  stm32f10x_can.o ABSOLUTE
    ..\..\Libraries\FWlib\src\stm32f10x_dma.c 0x00000000   Number         0  stm32f10x_dma.o ABSOLUTE
    ..\..\Libraries\FWlib\src\stm32f10x_exti.c 0x00000000   Number         0  stm32f10x_exti.o ABSOLUTE
    ..\..\Libraries\FWlib\src\stm32f10x_fsmc.c 0x00000000   Number         0  stm32f10x_fsmc.o ABSOLUTE
    ..\..\Libraries\FWlib\src\stm32f10x_gpio.c 0x00000000   Number         0  stm32f10x_gpio.o ABSOLUTE
    ..\..\Libraries\FWlib\src\stm32f10x_rcc.c 0x00000000   Number         0  stm32f10x_rcc.o ABSOLUTE
    ..\..\Libraries\FWlib\src\stm32f10x_tim.c 0x00000000   Number         0  stm32f10x_tim.o ABSOLUTE
    ..\..\Libraries\FWlib\src\stm32f10x_usart.c 0x00000000   Number         0  stm32f10x_usart.o ABSOLUTE
    ..\..\User\CAN\bsp_CAN.c                 0x00000000   Number         0  bsp_can.o ABSOLUTE
    ..\..\User\bsp_BH1750.c                  0x00000000   Number         0  bsp_bh1750.o ABSOLUTE
    ..\..\User\bsp_DS18B20.c                 0x00000000   Number         0  bsp_ds18b20.o ABSOLUTE
    ..\..\User\bsp_E18.c                     0x00000000   Number         0  bsp_e18.o ABSOLUTE
    ..\..\User\bsp_SysTick.c                 0x00000000   Number         0  bsp_systick.o ABSOLUTE
    ..\..\User\bsp_adc.c                     0x00000000   Number         0  bsp_adc.o ABSOLUTE
    ..\..\User\bsp_bjdj.c                    0x00000000   Number         0  bsp_bjdj.o ABSOLUTE
    ..\..\User\bsp_buzzer.c                  0x00000000   Number         0  bsp_buzzer.o ABSOLUTE
    ..\..\User\bsp_dht11.c                   0x00000000   Number         0  bsp_dht11.o ABSOLUTE
    ..\..\User\bsp_dht22.c                   0x00000000   Number         0  bsp_dht22.o ABSOLUTE
    ..\..\User\bsp_ili9341_lcd.c             0x00000000   Number         0  bsp_ili9341_lcd.o ABSOLUTE
    ..\..\User\bsp_it.c                      0x00000000   Number         0  bsp_it.o ABSOLUTE
    ..\..\User\bsp_led.c                     0x00000000   Number         0  bsp_led.o ABSOLUTE
    ..\..\User\bsp_pwm_output.c              0x00000000   Number         0  bsp_pwm_output.o ABSOLUTE
    ..\..\User\bsp_usart1.c                  0x00000000   Number         0  bsp_usart1.o ABSOLUTE
    ..\..\User\main.c                        0x00000000   Number         0  main.o ABSOLUTE
    ..\..\User\stm32f10x_it.c                0x00000000   Number         0  stm32f10x_it.o ABSOLUTE
    ..\\..\\Libraries\\CMSIS\\core_cm3.c     0x00000000   Number         0  core_cm3.o ABSOLUTE
    cdrcmple.s                               0x00000000   Number         0  cdrcmple.o ABSOLUTE
    cfcmple.s                                0x00000000   Number         0  cfcmple.o ABSOLUTE
    cfrcmple.s                               0x00000000   Number         0  cfrcmple.o ABSOLUTE
    dc.s                                     0x00000000   Number         0  dc.o ABSOLUTE
    handlers.s                               0x00000000   Number         0  handlers.o ABSOLUTE
    init.s                                   0x00000000   Number         0  init.o ABSOLUTE
    RESET                                    0x08000000   Section      304  startup_stm32f10x_hd.o(RESET)
    .ARM.Collect$$$$00000000                 0x08000130   Section        0  entry.o(.ARM.Collect$$$$00000000)
    .ARM.Collect$$$$00000001                 0x08000130   Section        4  entry2.o(.ARM.Collect$$$$00000001)
    .ARM.Collect$$$$00000004                 0x08000134   Section        4  entry5.o(.ARM.Collect$$$$00000004)
    .ARM.Collect$$$$00000008                 0x08000138   Section        0  entry7b.o(.ARM.Collect$$$$00000008)
    .ARM.Collect$$$$0000000A                 0x08000138   Section        0  entry8b.o(.ARM.Collect$$$$0000000A)
    .ARM.Collect$$$$0000000B                 0x08000138   Section        8  entry9a.o(.ARM.Collect$$$$0000000B)
    .ARM.Collect$$$$0000000D                 0x08000140   Section        0  entry10a.o(.ARM.Collect$$$$0000000D)
    .ARM.Collect$$$$0000000F                 0x08000140   Section        0  entry11a.o(.ARM.Collect$$$$0000000F)
    .ARM.Collect$$$$00002712                 0x08000140   Section        4  entry2.o(.ARM.Collect$$$$00002712)
    __lit__00000000                          0x08000140   Data           4  entry2.o(.ARM.Collect$$$$00002712)
    .text                                    0x08000144   Section       36  startup_stm32f10x_hd.o(.text)
    .text                                    0x08000168   Section        0  fdiv.o(.text)
    .text                                    0x080001e4   Section        0  dadd.o(.text)
    .text                                    0x08000332   Section        0  dmul.o(.text)
    .text                                    0x08000416   Section        0  ddiv.o(.text)
    .text                                    0x080004f4   Section        0  ffltui.o(.text)
    .text                                    0x080004fe   Section        0  dflti.o(.text)
    .text                                    0x08000520   Section        0  ffixui.o(.text)
    .text                                    0x08000548   Section        0  dfixui.o(.text)
    .text                                    0x0800057a   Section        0  f2d.o(.text)
    .text                                    0x080005a0   Section        0  d2f.o(.text)
    .text                                    0x080005d8   Section       20  cfcmple.o(.text)
    .text                                    0x080005ec   Section       20  cfrcmple.o(.text)
    .text                                    0x08000600   Section        0  uidiv.o(.text)
    .text                                    0x0800062c   Section        0  llshl.o(.text)
    .text                                    0x0800064a   Section        0  llushr.o(.text)
    .text                                    0x0800066a   Section        0  llsshr.o(.text)
    .text                                    0x0800068e   Section        0  fepilogue.o(.text)
    .text                                    0x0800068e   Section        0  iusefp.o(.text)
    .text                                    0x080006fc   Section        0  depilogue.o(.text)
    .text                                    0x080007b8   Section       36  init.o(.text)
    i.ADC1_GPIO_Config                       0x080007dc   Section        0  bsp_adc.o(i.ADC1_GPIO_Config)
    ADC1_GPIO_Config                         0x080007dd   Thumb Code    62  bsp_adc.o(i.ADC1_GPIO_Config)
    i.ADC1_Init                              0x08000820   Section        0  bsp_adc.o(i.ADC1_Init)
    i.ADC1_Mode_Config                       0x0800082c   Section        0  bsp_adc.o(i.ADC1_Mode_Config)
    ADC1_Mode_Config                         0x0800082d   Thumb Code   224  bsp_adc.o(i.ADC1_Mode_Config)
    i.ADC_Cmd                                0x08000918   Section        0  stm32f10x_adc.o(i.ADC_Cmd)
    i.ADC_DMACmd                             0x0800092e   Section        0  stm32f10x_adc.o(i.ADC_DMACmd)
    i.ADC_GetCalibrationStatus               0x08000944   Section        0  stm32f10x_adc.o(i.ADC_GetCalibrationStatus)
    i.ADC_GetResetCalibrationStatus          0x08000958   Section        0  stm32f10x_adc.o(i.ADC_GetResetCalibrationStatus)
    i.ADC_Init                               0x0800096c   Section        0  stm32f10x_adc.o(i.ADC_Init)
    i.ADC_RegularChannelConfig               0x080009bc   Section        0  stm32f10x_adc.o(i.ADC_RegularChannelConfig)
    i.ADC_ResetCalibration                   0x08000a74   Section        0  stm32f10x_adc.o(i.ADC_ResetCalibration)
    i.ADC_SoftwareStartConvCmd               0x08000a7e   Section        0  stm32f10x_adc.o(i.ADC_SoftwareStartConvCmd)
    i.ADC_StartCalibration                   0x08000a94   Section        0  stm32f10x_adc.o(i.ADC_StartCalibration)
    i.Auto_Control                           0x08000aa0   Section        0  main.o(i.Auto_Control)
    i.BH1750_Init                            0x08000d3c   Section        0  bsp_bh1750.o(i.BH1750_Init)
    i.BH1750_Mode_IPU                        0x08000d4c   Section        0  bsp_bh1750.o(i.BH1750_Mode_IPU)
    BH1750_Mode_IPU                          0x08000d4d   Thumb Code    24  bsp_bh1750.o(i.BH1750_Mode_IPU)
    i.BH1750_Mode_Out_PP                     0x08000d68   Section        0  bsp_bh1750.o(i.BH1750_Mode_Out_PP)
    BH1750_Mode_Out_PP                       0x08000d69   Thumb Code    30  bsp_bh1750.o(i.BH1750_Mode_Out_PP)
    i.BH1750_RecvACK                         0x08000d8c   Section        0  bsp_bh1750.o(i.BH1750_RecvACK)
    i.BH1750_RecvByte                        0x08000dd8   Section        0  bsp_bh1750.o(i.BH1750_RecvByte)
    i.BH1750_SendACK                         0x08000e34   Section        0  bsp_bh1750.o(i.BH1750_SendACK)
    i.BH1750_SendByte                        0x08000e7c   Section        0  bsp_bh1750.o(i.BH1750_SendByte)
    i.BH1750_Start                           0x08000ed0   Section        0  bsp_bh1750.o(i.BH1750_Start)
    i.BH1750_Stop                            0x08000f0c   Section        0  bsp_bh1750.o(i.BH1750_Stop)
    i.BUZZER_GPIO_Config                     0x08000f38   Section        0  bsp_buzzer.o(i.BUZZER_GPIO_Config)
    i.BusFault_Handler                       0x08000f6c   Section        0  stm32f10x_it.o(i.BusFault_Handler)
    i.CAN1_RX1_IRQHandler                    0x08000f70   Section        0  stm32f10x_it.o(i.CAN1_RX1_IRQHandler)
    i.CAN_Config                             0x08001038   Section        0  bsp_can.o(i.CAN_Config)
    i.CAN_DeInit                             0x0800104c   Section        0  stm32f10x_can.o(i.CAN_DeInit)
    i.CAN_FilterInit                         0x08001084   Section        0  stm32f10x_can.o(i.CAN_FilterInit)
    i.CAN_Filter_Config                      0x0800118c   Section        0  bsp_can.o(i.CAN_Filter_Config)
    CAN_Filter_Config                        0x0800118d   Thumb Code   144  bsp_can.o(i.CAN_Filter_Config)
    i.CAN_GPIO_Config                        0x08001220   Section        0  bsp_can.o(i.CAN_GPIO_Config)
    CAN_GPIO_Config                          0x08001221   Thumb Code    86  bsp_can.o(i.CAN_GPIO_Config)
    i.CAN_ITConfig                           0x0800127c   Section        0  stm32f10x_can.o(i.CAN_ITConfig)
    i.CAN_Init                               0x0800128e   Section        0  stm32f10x_can.o(i.CAN_Init)
    i.CAN_Mode_Config                        0x080013a4   Section        0  bsp_can.o(i.CAN_Mode_Config)
    CAN_Mode_Config                          0x080013a5   Thumb Code    82  bsp_can.o(i.CAN_Mode_Config)
    i.CAN_NVIC_Config                        0x080013fc   Section        0  bsp_can.o(i.CAN_NVIC_Config)
    CAN_NVIC_Config                          0x080013fd   Thumb Code    68  bsp_can.o(i.CAN_NVIC_Config)
    i.CAN_Receive                            0x08001440   Section        0  stm32f10x_can.o(i.CAN_Receive)
    i.CAN_SetMsg                             0x08001530   Section        0  bsp_can.o(i.CAN_SetMsg)
    i.CAN_StructInit                         0x080015a0   Section        0  stm32f10x_can.o(i.CAN_StructInit)
    i.CAN_Transmit                           0x080015c0   Section        0  stm32f10x_can.o(i.CAN_Transmit)
    i.Control                                0x080016e8   Section        0  main.o(i.Control)
    i.DHT22_GPIO_Config                      0x080018a8   Section        0  bsp_dht22.o(i.DHT22_GPIO_Config)
    i.DHT22_Mode_IPU                         0x080018dc   Section        0  bsp_dht22.o(i.DHT22_Mode_IPU)
    DHT22_Mode_IPU                           0x080018dd   Thumb Code    24  bsp_dht22.o(i.DHT22_Mode_IPU)
    i.DHT22_Mode_Out_PP                      0x080018f8   Section        0  bsp_dht22.o(i.DHT22_Mode_Out_PP)
    DHT22_Mode_Out_PP                        0x080018f9   Thumb Code    30  bsp_dht22.o(i.DHT22_Mode_Out_PP)
    i.DJ_GPIO_Config                         0x0800191c   Section        0  bsp_bjdj.o(i.DJ_GPIO_Config)
    i.DMA_Cmd                                0x08001948   Section        0  stm32f10x_dma.o(i.DMA_Cmd)
    i.DMA_DeInit                             0x08001960   Section        0  stm32f10x_dma.o(i.DMA_DeInit)
    i.DMA_Init                               0x08001aac   Section        0  stm32f10x_dma.o(i.DMA_Init)
    i.DS18B20_GPIO_Config                    0x08001ae8   Section        0  bsp_ds18b20.o(i.DS18B20_GPIO_Config)
    DS18B20_GPIO_Config                      0x08001ae9   Thumb Code    50  bsp_ds18b20.o(i.DS18B20_GPIO_Config)
    i.DS18B20_Get_Temp                       0x08001b20   Section        0  bsp_ds18b20.o(i.DS18B20_Get_Temp)
    i.DS18B20_Init                           0x08001ba4   Section        0  bsp_ds18b20.o(i.DS18B20_Init)
    i.DS18B20_Mode_IPU                       0x08001bb4   Section        0  bsp_ds18b20.o(i.DS18B20_Mode_IPU)
    DS18B20_Mode_IPU                         0x08001bb5   Thumb Code    26  bsp_ds18b20.o(i.DS18B20_Mode_IPU)
    i.DS18B20_Mode_Out_PP                    0x08001bd4   Section        0  bsp_ds18b20.o(i.DS18B20_Mode_Out_PP)
    DS18B20_Mode_Out_PP                      0x08001bd5   Thumb Code    32  bsp_ds18b20.o(i.DS18B20_Mode_Out_PP)
    i.DS18B20_Presence                       0x08001bf8   Section        0  bsp_ds18b20.o(i.DS18B20_Presence)
    DS18B20_Presence                         0x08001bf9   Thumb Code    86  bsp_ds18b20.o(i.DS18B20_Presence)
    i.DS18B20_Read_Bit                       0x08001c54   Section        0  bsp_ds18b20.o(i.DS18B20_Read_Bit)
    DS18B20_Read_Bit                         0x08001c55   Thumb Code    56  bsp_ds18b20.o(i.DS18B20_Read_Bit)
    i.DS18B20_Read_Byte                      0x08001c90   Section        0  bsp_ds18b20.o(i.DS18B20_Read_Byte)
    i.DS18B20_Rst                            0x08001cb4   Section        0  bsp_ds18b20.o(i.DS18B20_Rst)
    DS18B20_Rst                              0x08001cb5   Thumb Code    42  bsp_ds18b20.o(i.DS18B20_Rst)
    i.DS18B20_Start                          0x08001ce4   Section        0  bsp_ds18b20.o(i.DS18B20_Start)
    i.DS18B20_Write_Byte                     0x08001cfc   Section        0  bsp_ds18b20.o(i.DS18B20_Write_Byte)
    i.Data_synthesis                         0x08001d60   Section        0  main.o(i.Data_synthesis)
    i.DebugMon_Handler                       0x08001ea4   Section        0  stm32f10x_it.o(i.DebugMon_Handler)
    i.Delay                                  0x08001ea6   Section        0  bsp_ili9341_lcd.o(i.Delay)
    i.Delay_us                               0x08001eb8   Section        0  bsp_systick.o(i.Delay_us)
    i.EXTI0_IRQHandler                       0x08001ee0   Section        0  stm32f10x_it.o(i.EXTI0_IRQHandler)
    i.EXTI15_10_IRQHandler                   0x08001efc   Section        0  stm32f10x_it.o(i.EXTI15_10_IRQHandler)
    i.EXTI2_IRQHandler                       0x08002000   Section        0  stm32f10x_it.o(i.EXTI2_IRQHandler)
    i.EXTI4_IRQHandler                       0x08002098   Section        0  stm32f10x_it.o(i.EXTI4_IRQHandler)
    i.EXTI9_5_IRQHandler                     0x08002130   Section        0  stm32f10x_it.o(i.EXTI9_5_IRQHandler)
    i.EXTI_ClearITPendingBit                 0x08002198   Section        0  stm32f10x_exti.o(i.EXTI_ClearITPendingBit)
    i.EXTI_Config                            0x080021a4   Section        0  bsp_it.o(i.EXTI_Config)
    i.EXTI_GetITStatus                       0x080022b0   Section        0  stm32f10x_exti.o(i.EXTI_GetITStatus)
    i.EXTI_Init                              0x080022d8   Section        0  stm32f10x_exti.o(i.EXTI_Init)
    i.FSMC_NORSRAMCmd                        0x0800236c   Section        0  stm32f10x_fsmc.o(i.FSMC_NORSRAMCmd)
    i.FSMC_NORSRAMInit                       0x080023a0   Section        0  stm32f10x_fsmc.o(i.FSMC_NORSRAMInit)
    i.GPIO_Config                            0x08002488   Section        0  bsp_bh1750.o(i.GPIO_Config)
    i.GPIO_EXTILineConfig                    0x080024b4   Section        0  stm32f10x_gpio.o(i.GPIO_EXTILineConfig)
    i.GPIO_Init                              0x080024f4   Section        0  stm32f10x_gpio.o(i.GPIO_Init)
    i.GPIO_PinRemapConfig                    0x0800260c   Section        0  stm32f10x_gpio.o(i.GPIO_PinRemapConfig)
    i.GPIO_ReadInputDataBit                  0x0800269c   Section        0  stm32f10x_gpio.o(i.GPIO_ReadInputDataBit)
    i.GPIO_ResetBits                         0x080026ae   Section        0  stm32f10x_gpio.o(i.GPIO_ResetBits)
    i.GPIO_SetBits                           0x080026b2   Section        0  stm32f10x_gpio.o(i.GPIO_SetBits)
    i.HardFault_Handler                      0x080026b6   Section        0  stm32f10x_it.o(i.HardFault_Handler)
    i.LCD_Clear                              0x080026ba   Section        0  bsp_ili9341_lcd.o(i.LCD_Clear)
    i.LCD_DisNum                             0x0800272a   Section        0  bsp_ili9341_lcd.o(i.LCD_DisNum)
    i.LCD_DispChar                           0x08002794   Section        0  bsp_ili9341_lcd.o(i.LCD_DispChar)
    i.LCD_DispStr                            0x08002804   Section        0  bsp_ili9341_lcd.o(i.LCD_DispStr)
    i.LCD_FSMC_Config                        0x08002840   Section        0  bsp_ili9341_lcd.o(i.LCD_FSMC_Config)
    i.LCD_GPIO_Config                        0x080028a0   Section        0  bsp_ili9341_lcd.o(i.LCD_GPIO_Config)
    i.LCD_Init                               0x08002960   Section        0  bsp_ili9341_lcd.o(i.LCD_Init)
    i.LCD_Interface                          0x08002974   Section        0  main.o(i.LCD_Interface)
    i.LCD_OpenWindow                         0x08002a84   Section        0  bsp_ili9341_lcd.o(i.LCD_OpenWindow)
    i.LCD_REG_Config                         0x08002ad4   Section        0  bsp_ili9341_lcd.o(i.LCD_REG_Config)
    i.LCD_Rst                                0x08002ce8   Section        0  bsp_ili9341_lcd.o(i.LCD_Rst)
    i.LED_GPIO_Config                        0x08002d14   Section        0  bsp_led.o(i.LED_GPIO_Config)
    i.MemManage_Handler                      0x08002db4   Section        0  stm32f10x_it.o(i.MemManage_Handler)
    i.Mread                                  0x08002db8   Section        0  bsp_bh1750.o(i.Mread)
    i.NMI_Handler                            0x08002dfc   Section        0  stm32f10x_it.o(i.NMI_Handler)
    i.NVIC_Configuration                     0x08002dfe   Section        0  bsp_it.o(i.NVIC_Configuration)
    i.NVIC_Init                              0x08002e84   Section        0  misc.o(i.NVIC_Init)
    i.NVIC_PriorityGroupConfig               0x08002ef4   Section        0  misc.o(i.NVIC_PriorityGroupConfig)
    i.PendSV_Handler                         0x08002f08   Section        0  stm32f10x_it.o(i.PendSV_Handler)
    i.RCC_ADCCLKConfig                       0x08002f0c   Section        0  stm32f10x_rcc.o(i.RCC_ADCCLKConfig)
    i.RCC_AHBPeriphClockCmd                  0x08002f24   Section        0  stm32f10x_rcc.o(i.RCC_AHBPeriphClockCmd)
    i.RCC_APB1PeriphClockCmd                 0x08002f44   Section        0  stm32f10x_rcc.o(i.RCC_APB1PeriphClockCmd)
    i.RCC_APB1PeriphResetCmd                 0x08002f64   Section        0  stm32f10x_rcc.o(i.RCC_APB1PeriphResetCmd)
    i.RCC_APB2PeriphClockCmd                 0x08002f84   Section        0  stm32f10x_rcc.o(i.RCC_APB2PeriphClockCmd)
    i.RCC_GetClocksFreq                      0x08002fa4   Section        0  stm32f10x_rcc.o(i.RCC_GetClocksFreq)
    i.Read_Byte                              0x08003078   Section        0  bsp_dht22.o(i.Read_Byte)
    Read_Byte                                0x08003079   Thumb Code    90  bsp_dht22.o(i.Read_Byte)
    i.Read_DHT22                             0x080030d8   Section        0  bsp_dht22.o(i.Read_DHT22)
    i.SVC_Handler                            0x08003178   Section        0  stm32f10x_it.o(i.SVC_Handler)
    i.SetSysClock                            0x0800317a   Section        0  system_stm32f10x.o(i.SetSysClock)
    SetSysClock                              0x0800317b   Thumb Code     8  system_stm32f10x.o(i.SetSysClock)
    i.SetSysClockTo72                        0x08003184   Section        0  system_stm32f10x.o(i.SetSysClockTo72)
    SetSysClockTo72                          0x08003185   Thumb Code   214  system_stm32f10x.o(i.SetSysClockTo72)
    i.Single_Write_BH1750                    0x08003264   Section        0  bsp_bh1750.o(i.Single_Write_BH1750)
    i.SysTick_Handler                        0x0800327e   Section        0  stm32f10x_it.o(i.SysTick_Handler)
    i.SysTick_Init                           0x08003288   Section        0  bsp_systick.o(i.SysTick_Init)
    i.SystemInit                             0x08003304   Section        0  system_stm32f10x.o(i.SystemInit)
    i.TIM3_GPIO_Config                       0x08003364   Section        0  bsp_pwm_output.o(i.TIM3_GPIO_Config)
    TIM3_GPIO_Config                         0x08003365   Thumb Code    46  bsp_pwm_output.o(i.TIM3_GPIO_Config)
    i.TIM3_Mode_Config                       0x08003398   Section        0  bsp_pwm_output.o(i.TIM3_Mode_Config)
    TIM3_Mode_Config                         0x08003399   Thumb Code   130  bsp_pwm_output.o(i.TIM3_Mode_Config)
    i.TIM3_PWM_Init                          0x08003424   Section        0  bsp_pwm_output.o(i.TIM3_PWM_Init)
    i.TIM_ARRPreloadConfig                   0x08003430   Section        0  stm32f10x_tim.o(i.TIM_ARRPreloadConfig)
    i.TIM_Cmd                                0x08003448   Section        0  stm32f10x_tim.o(i.TIM_Cmd)
    i.TIM_OC1Init                            0x08003460   Section        0  stm32f10x_tim.o(i.TIM_OC1Init)
    i.TIM_OC1PreloadConfig                   0x080034f8   Section        0  stm32f10x_tim.o(i.TIM_OC1PreloadConfig)
    i.TIM_OC2Init                            0x0800350c   Section        0  stm32f10x_tim.o(i.TIM_OC2Init)
    i.TIM_OC2PreloadConfig                   0x080035b0   Section        0  stm32f10x_tim.o(i.TIM_OC2PreloadConfig)
    i.TIM_TimeBaseInit                       0x080035cc   Section        0  stm32f10x_tim.o(i.TIM_TimeBaseInit)
    i.TimingDelay_Decrement                  0x08003670   Section        0  bsp_systick.o(i.TimingDelay_Decrement)
    i.USART1_Config                          0x08003688   Section        0  bsp_usart1.o(i.USART1_Config)
    i.USART_Cmd                              0x08003710   Section        0  stm32f10x_usart.o(i.USART_Cmd)
    i.USART_GetFlagStatus                    0x08003728   Section        0  stm32f10x_usart.o(i.USART_GetFlagStatus)
    i.USART_ITConfig                         0x08003742   Section        0  stm32f10x_usart.o(i.USART_ITConfig)
    i.USART_Init                             0x0800378c   Section        0  stm32f10x_usart.o(i.USART_Init)
    i.USART_SendData                         0x08003864   Section        0  stm32f10x_usart.o(i.USART_SendData)
    i.USB_LP_CAN1_RX0_IRQHandler             0x0800386c   Section        0  stm32f10x_it.o(i.USB_LP_CAN1_RX0_IRQHandler)
    i.UsageFault_Handler                     0x080038ac   Section        0  stm32f10x_it.o(i.UsageFault_Handler)
    i.__0printf$1                            0x080038b0   Section        0  printf1.o(i.__0printf$1)
    i.__scatterload_copy                     0x080038d0   Section       14  handlers.o(i.__scatterload_copy)
    i.__scatterload_null                     0x080038de   Section        2  handlers.o(i.__scatterload_null)
    i.__scatterload_zeroinit                 0x080038e0   Section       14  handlers.o(i.__scatterload_zeroinit)
    i._printf_core                           0x080038f0   Section        0  printf1.o(i._printf_core)
    _printf_core                             0x080038f1   Thumb Code   336  printf1.o(i._printf_core)
    i.delay                                  0x08003a44   Section        0  stm32f10x_it.o(i.delay)
    i.dir_GPIO_Config                        0x08003a58   Section        0  bsp_bjdj.o(i.dir_GPIO_Config)
    i.end_GPIO_Config                        0x08003a84   Section        0  bsp_bjdj.o(i.end_GPIO_Config)
    i.fputc                                  0x08003ab0   Section        0  bsp_usart1.o(i.fputc)
    i.jdq_GPIO_Config                        0x08003ad4   Section        0  bsp_bjdj.o(i.jdq_GPIO_Config)
    i.main                                   0x08003b0c   Section        0  main.o(i.main)
    .constdata                               0x08003ccc   Section     1140  bsp_ili9341_lcd.o(.constdata)
    .data                                    0x20000000   Section       20  system_stm32f10x.o(.data)
    .data                                    0x20000014   Section       20  stm32f10x_rcc.o(.data)
    APBAHBPrescTable                         0x20000014   Data          16  stm32f10x_rcc.o(.data)
    ADCPrescTable                            0x20000024   Data           4  stm32f10x_rcc.o(.data)
    .data                                    0x20000028   Section        1  bsp_can.o(.data)
    .data                                    0x2000002a   Section        4  bsp_adc.o(.data)
    .data                                    0x2000002e   Section       12  bsp_bh1750.o(.data)
    .data                                    0x2000003a   Section        2  bsp_ds18b20.o(.data)
    .data                                    0x2000003c   Section        4  bsp_pwm_output.o(.data)
    .data                                    0x20000040   Section        4  bsp_systick.o(.data)
    TimingDelay                              0x20000040   Data           4  bsp_systick.o(.data)
    .data                                    0x20000044   Section       12  main.o(.data)
    .data                                    0x20000050   Section       32  stm32f10x_it.o(.data)
    .data                                    0x20000070   Section        4  stdout.o(.data)
    .bss                                     0x20000074   Section       40  bsp_can.o(.bss)
    .bss                                     0x2000009c   Section       10  main.o(.bss)
    STACK                                    0x200000a8   Section     1024  startup_stm32f10x_hd.o(STACK)

    Global Symbols

    Symbol Name                              Value     Ov Type        Size  Object(Section)

    BuildAttributes$$THM_ISAv4$P$D$K$B$S$PE$A:L22UL41UL21$X:L11$S22US41US21$IEEE1$IW$USESV6$~STKCKD$USESV7$~SHL$OTIME$ROPI$EBA8$MICROLIB$REQ8$PRES8$EABIv2 0x00000000   Number         0  anon$$obj.o ABSOLUTE
    __ARM_use_no_argv                        0x00000000   Number         0  main.o ABSOLUTE
    _printf_a                                0x00000000   Number         0  stubs.o ABSOLUTE
    _printf_c                                0x00000000   Number         0  stubs.o ABSOLUTE
    _printf_charcount                        0x00000000   Number         0  stubs.o ABSOLUTE
    _printf_d                                0x00000000   Number         0  stubs.o ABSOLUTE
    _printf_e                                0x00000000   Number         0  stubs.o ABSOLUTE
    _printf_f                                0x00000000   Number         0  stubs.o ABSOLUTE
    _printf_flags                            0x00000000   Number         0  stubs.o ABSOLUTE
    _printf_fp_dec                           0x00000000   Number         0  stubs.o ABSOLUTE
    _printf_fp_hex                           0x00000000   Number         0  stubs.o ABSOLUTE
    _printf_g                                0x00000000   Number         0  stubs.o ABSOLUTE
    _printf_i                                0x00000000   Number         0  stubs.o ABSOLUTE
    _printf_int_dec                          0x00000000   Number         0  stubs.o ABSOLUTE
    _printf_l                                0x00000000   Number         0  stubs.o ABSOLUTE
    _printf_lc                               0x00000000   Number         0  stubs.o ABSOLUTE
    _printf_ll                               0x00000000   Number         0  stubs.o ABSOLUTE
    _printf_lld                              0x00000000   Number         0  stubs.o ABSOLUTE
    _printf_lli                              0x00000000   Number         0  stubs.o ABSOLUTE
    _printf_llo                              0x00000000   Number         0  stubs.o ABSOLUTE
    _printf_llu                              0x00000000   Number         0  stubs.o ABSOLUTE
    _printf_llx                              0x00000000   Number         0  stubs.o ABSOLUTE
    _printf_longlong_dec                     0x00000000   Number         0  stubs.o ABSOLUTE
    _printf_longlong_hex                     0x00000000   Number         0  stubs.o ABSOLUTE
    _printf_longlong_oct                     0x00000000   Number         0  stubs.o ABSOLUTE
    _printf_ls                               0x00000000   Number         0  stubs.o ABSOLUTE
    _printf_mbtowc                           0x00000000   Number         0  stubs.o ABSOLUTE
    _printf_n                                0x00000000   Number         0  stubs.o ABSOLUTE
    _printf_o                                0x00000000   Number         0  stubs.o ABSOLUTE
    _printf_p                                0x00000000   Number         0  stubs.o ABSOLUTE
    _printf_percent                          0x00000000   Number         0  stubs.o ABSOLUTE
    _printf_pre_padding                      0x00000000   Number         0  stubs.o ABSOLUTE
    _printf_return_value                     0x00000000   Number         0  stubs.o ABSOLUTE
    _printf_s                                0x00000000   Number         0  stubs.o ABSOLUTE
    _printf_sizespec                         0x00000000   Number         0  stubs.o ABSOLUTE
    _printf_str                              0x00000000   Number         0  stubs.o ABSOLUTE
    _printf_truncate_signed                  0x00000000   Number         0  stubs.o ABSOLUTE
    _printf_truncate_unsigned                0x00000000   Number         0  stubs.o ABSOLUTE
    _printf_u                                0x00000000   Number         0  stubs.o ABSOLUTE
    _printf_wc                               0x00000000   Number         0  stubs.o ABSOLUTE
    _printf_wctomb                           0x00000000   Number         0  stubs.o ABSOLUTE
    _printf_widthprec                        0x00000000   Number         0  stubs.o ABSOLUTE
    _printf_x                                0x00000000   Number         0  stubs.o ABSOLUTE
    __cpp_initialize__aeabi_                  - Undefined Weak Reference
    __cxa_finalize                            - Undefined Weak Reference
    __decompress                              - Undefined Weak Reference
    _clock_init                               - Undefined Weak Reference
    _microlib_exit                            - Undefined Weak Reference
    __Vectors_Size                           0x00000130   Number         0  startup_stm32f10x_hd.o ABSOLUTE
    __Vectors                                0x08000000   Data           4  startup_stm32f10x_hd.o(RESET)
    __Vectors_End                            0x08000130   Data           0  startup_stm32f10x_hd.o(RESET)
    __main                                   0x08000131   Thumb Code     0  entry.o(.ARM.Collect$$$$00000000)
    _main_stk                                0x08000131   Thumb Code     0  entry2.o(.ARM.Collect$$$$00000001)
    _main_scatterload                        0x08000135   Thumb Code     0  entry5.o(.ARM.Collect$$$$00000004)
    __main_after_scatterload                 0x08000139   Thumb Code     0  entry5.o(.ARM.Collect$$$$00000004)
    _main_clock                              0x08000139   Thumb Code     0  entry7b.o(.ARM.Collect$$$$00000008)
    _main_cpp_init                           0x08000139   Thumb Code     0  entry8b.o(.ARM.Collect$$$$0000000A)
    _main_init                               0x08000139   Thumb Code     0  entry9a.o(.ARM.Collect$$$$0000000B)
    __rt_final_cpp                           0x08000141   Thumb Code     0  entry10a.o(.ARM.Collect$$$$0000000D)
    __rt_final_exit                          0x08000141   Thumb Code     0  entry11a.o(.ARM.Collect$$$$0000000F)
    Reset_Handler                            0x08000145   Thumb Code     8  startup_stm32f10x_hd.o(.text)
    ADC1_2_IRQHandler                        0x0800015f   Thumb Code     0  startup_stm32f10x_hd.o(.text)
    ADC3_IRQHandler                          0x0800015f   Thumb Code     0  startup_stm32f10x_hd.o(.text)
    CAN1_SCE_IRQHandler                      0x0800015f   Thumb Code     0  startup_stm32f10x_hd.o(.text)
    DMA1_Channel1_IRQHandler                 0x0800015f   Thumb Code     0  startup_stm32f10x_hd.o(.text)
    DMA1_Channel2_IRQHandler                 0x0800015f   Thumb Code     0  startup_stm32f10x_hd.o(.text)
    DMA1_Channel3_IRQHandler                 0x0800015f   Thumb Code     0  startup_stm32f10x_hd.o(.text)
    DMA1_Channel4_IRQHandler                 0x0800015f   Thumb Code     0  startup_stm32f10x_hd.o(.text)
    DMA1_Channel5_IRQHandler                 0x0800015f   Thumb Code     0  startup_stm32f10x_hd.o(.text)
    DMA1_Channel6_IRQHandler                 0x0800015f   Thumb Code     0  startup_stm32f10x_hd.o(.text)
    DMA1_Channel7_IRQHandler                 0x0800015f   Thumb Code     0  startup_stm32f10x_hd.o(.text)
    DMA2_Channel1_IRQHandler                 0x0800015f   Thumb Code     0  startup_stm32f10x_hd.o(.text)
    DMA2_Channel2_IRQHandler                 0x0800015f   Thumb Code     0  startup_stm32f10x_hd.o(.text)
    DMA2_Channel3_IRQHandler                 0x0800015f   Thumb Code     0  startup_stm32f10x_hd.o(.text)
    DMA2_Channel4_5_IRQHandler               0x0800015f   Thumb Code     0  startup_stm32f10x_hd.o(.text)
    EXTI1_IRQHandler                         0x0800015f   Thumb Code     0  startup_stm32f10x_hd.o(.text)
    EXTI3_IRQHandler                         0x0800015f   Thumb Code     0  startup_stm32f10x_hd.o(.text)
    FLASH_IRQHandler                         0x0800015f   Thumb Code     0  startup_stm32f10x_hd.o(.text)
    FSMC_IRQHandler                          0x0800015f   Thumb Code     0  startup_stm32f10x_hd.o(.text)
    I2C1_ER_IRQHandler                       0x0800015f   Thumb Code     0  startup_stm32f10x_hd.o(.text)
    I2C1_EV_IRQHandler                       0x0800015f   Thumb Code     0  startup_stm32f10x_hd.o(.text)
    I2C2_ER_IRQHandler                       0x0800015f   Thumb Code     0  startup_stm32f10x_hd.o(.text)
    I2C2_EV_IRQHandler                       0x0800015f   Thumb Code     0  startup_stm32f10x_hd.o(.text)
    PVD_IRQHandler                           0x0800015f   Thumb Code     0  startup_stm32f10x_hd.o(.text)
    RCC_IRQHandler                           0x0800015f   Thumb Code     0  startup_stm32f10x_hd.o(.text)
    RTCAlarm_IRQHandler                      0x0800015f   Thumb Code     0  startup_stm32f10x_hd.o(.text)
    RTC_IRQHandler                           0x0800015f   Thumb Code     0  startup_stm32f10x_hd.o(.text)
    SDIO_IRQHandler                          0x0800015f   Thumb Code     0  startup_stm32f10x_hd.o(.text)
    SPI1_IRQHandler                          0x0800015f   Thumb Code     0  startup_stm32f10x_hd.o(.text)
    SPI2_IRQHandler                          0x0800015f   Thumb Code     0  startup_stm32f10x_hd.o(.text)
    SPI3_IRQHandler                          0x0800015f   Thumb Code     0  startup_stm32f10x_hd.o(.text)
    TAMPER_IRQHandler                        0x0800015f   Thumb Code     0  startup_stm32f10x_hd.o(.text)
    TIM1_BRK_IRQHandler                      0x0800015f   Thumb Code     0  startup_stm32f10x_hd.o(.text)
    TIM1_CC_IRQHandler                       0x0800015f   Thumb Code     0  startup_stm32f10x_hd.o(.text)
    TIM1_TRG_COM_IRQHandler                  0x0800015f   Thumb Code     0  startup_stm32f10x_hd.o(.text)
    TIM1_UP_IRQHandler                       0x0800015f   Thumb Code     0  startup_stm32f10x_hd.o(.text)
    TIM2_IRQHandler                          0x0800015f   Thumb Code     0  startup_stm32f10x_hd.o(.text)
    TIM3_IRQHandler                          0x0800015f   Thumb Code     0  startup_stm32f10x_hd.o(.text)
    TIM4_IRQHandler                          0x0800015f   Thumb Code     0  startup_stm32f10x_hd.o(.text)
    TIM5_IRQHandler                          0x0800015f   Thumb Code     0  startup_stm32f10x_hd.o(.text)
    TIM6_IRQHandler                          0x0800015f   Thumb Code     0  startup_stm32f10x_hd.o(.text)
    TIM7_IRQHandler                          0x0800015f   Thumb Code     0  startup_stm32f10x_hd.o(.text)
    TIM8_BRK_IRQHandler                      0x0800015f   Thumb Code     0  startup_stm32f10x_hd.o(.text)
    TIM8_CC_IRQHandler                       0x0800015f   Thumb Code     0  startup_stm32f10x_hd.o(.text)
    TIM8_TRG_COM_IRQHandler                  0x0800015f   Thumb Code     0  startup_stm32f10x_hd.o(.text)
    TIM8_UP_IRQHandler                       0x0800015f   Thumb Code     0  startup_stm32f10x_hd.o(.text)
    UART4_IRQHandler                         0x0800015f   Thumb Code     0  startup_stm32f10x_hd.o(.text)
    UART5_IRQHandler                         0x0800015f   Thumb Code     0  startup_stm32f10x_hd.o(.text)
    USART1_IRQHandler                        0x0800015f   Thumb Code     0  startup_stm32f10x_hd.o(.text)
    USART2_IRQHandler                        0x0800015f   Thumb Code     0  startup_stm32f10x_hd.o(.text)
    USART3_IRQHandler                        0x0800015f   Thumb Code     0  startup_stm32f10x_hd.o(.text)
    USBWakeUp_IRQHandler                     0x0800015f   Thumb Code     0  startup_stm32f10x_hd.o(.text)
    USB_HP_CAN1_TX_IRQHandler                0x0800015f   Thumb Code     0  startup_stm32f10x_hd.o(.text)
    WWDG_IRQHandler                          0x0800015f   Thumb Code     0  startup_stm32f10x_hd.o(.text)
    __aeabi_fdiv                             0x08000169   Thumb Code   124  fdiv.o(.text)
    __aeabi_dadd                             0x080001e5   Thumb Code   322  dadd.o(.text)
    __aeabi_dsub                             0x08000327   Thumb Code     6  dadd.o(.text)
    __aeabi_drsub                            0x0800032d   Thumb Code     6  dadd.o(.text)
    __aeabi_dmul                             0x08000333   Thumb Code   228  dmul.o(.text)
    __aeabi_ddiv                             0x08000417   Thumb Code   222  ddiv.o(.text)
    __aeabi_ui2f                             0x080004f5   Thumb Code    10  ffltui.o(.text)
    __aeabi_i2d                              0x080004ff   Thumb Code    34  dflti.o(.text)
    __aeabi_f2uiz                            0x08000521   Thumb Code    40  ffixui.o(.text)
    __aeabi_d2uiz                            0x08000549   Thumb Code    50  dfixui.o(.text)
    __aeabi_f2d                              0x0800057b   Thumb Code    38  f2d.o(.text)
    __aeabi_d2f                              0x080005a1   Thumb Code    56  d2f.o(.text)
    __aeabi_cfcmpeq                          0x080005d9   Thumb Code     0  cfcmple.o(.text)
    __aeabi_cfcmple                          0x080005d9   Thumb Code    20  cfcmple.o(.text)
    __aeabi_cfrcmple                         0x080005ed   Thumb Code    20  cfrcmple.o(.text)
    __aeabi_uidiv                            0x08000601   Thumb Code     0  uidiv.o(.text)
    __aeabi_uidivmod                         0x08000601   Thumb Code    44  uidiv.o(.text)
    __aeabi_llsl                             0x0800062d   Thumb Code    30  llshl.o(.text)
    _ll_shift_l                              0x0800062d   Thumb Code     0  llshl.o(.text)
    __aeabi_llsr                             0x0800064b   Thumb Code    32  llushr.o(.text)
    _ll_ushift_r                             0x0800064b   Thumb Code     0  llushr.o(.text)
    __aeabi_lasr                             0x0800066b   Thumb Code    36  llsshr.o(.text)
    _ll_sshift_r                             0x0800066b   Thumb Code     0  llsshr.o(.text)
    __I$use$fp                               0x0800068f   Thumb Code     0  iusefp.o(.text)
    _float_round                             0x0800068f   Thumb Code    18  fepilogue.o(.text)
    _float_epilogue                          0x080006a1   Thumb Code    92  fepilogue.o(.text)
    _double_round                            0x080006fd   Thumb Code    30  depilogue.o(.text)
    _double_epilogue                         0x0800071b   Thumb Code   156  depilogue.o(.text)
    __scatterload                            0x080007b9   Thumb Code    28  init.o(.text)
    __scatterload_rt2                        0x080007b9   Thumb Code     0  init.o(.text)
    ADC1_Init                                0x08000821   Thumb Code    12  bsp_adc.o(i.ADC1_Init)
    ADC_Cmd                                  0x08000919   Thumb Code    22  stm32f10x_adc.o(i.ADC_Cmd)
    ADC_DMACmd                               0x0800092f   Thumb Code    22  stm32f10x_adc.o(i.ADC_DMACmd)
    ADC_GetCalibrationStatus                 0x08000945   Thumb Code    20  stm32f10x_adc.o(i.ADC_GetCalibrationStatus)
    ADC_GetResetCalibrationStatus            0x08000959   Thumb Code    20  stm32f10x_adc.o(i.ADC_GetResetCalibrationStatus)
    ADC_Init                                 0x0800096d   Thumb Code    70  stm32f10x_adc.o(i.ADC_Init)
    ADC_RegularChannelConfig                 0x080009bd   Thumb Code   184  stm32f10x_adc.o(i.ADC_RegularChannelConfig)
    ADC_ResetCalibration                     0x08000a75   Thumb Code    10  stm32f10x_adc.o(i.ADC_ResetCalibration)
    ADC_SoftwareStartConvCmd                 0x08000a7f   Thumb Code    22  stm32f10x_adc.o(i.ADC_SoftwareStartConvCmd)
    ADC_StartCalibration                     0x08000a95   Thumb Code    10  stm32f10x_adc.o(i.ADC_StartCalibration)
    Auto_Control                             0x08000aa1   Thumb Code   596  main.o(i.Auto_Control)
    BH1750_Init                              0x08000d3d   Thumb Code    14  bsp_bh1750.o(i.BH1750_Init)
    BH1750_RecvACK                           0x08000d8d   Thumb Code    68  bsp_bh1750.o(i.BH1750_RecvACK)
    BH1750_RecvByte                          0x08000dd9   Thumb Code    88  bsp_bh1750.o(i.BH1750_RecvByte)
    BH1750_SendACK                           0x08000e35   Thumb Code    68  bsp_bh1750.o(i.BH1750_SendACK)
    BH1750_SendByte                          0x08000e7d   Thumb Code    78  bsp_bh1750.o(i.BH1750_SendByte)
    BH1750_Start                             0x08000ed1   Thumb Code    54  bsp_bh1750.o(i.BH1750_Start)
    BH1750_Stop                              0x08000f0d   Thumb Code    40  bsp_bh1750.o(i.BH1750_Stop)
    BUZZER_GPIO_Config                       0x08000f39   Thumb Code    46  bsp_buzzer.o(i.BUZZER_GPIO_Config)
    BusFault_Handler                         0x08000f6d   Thumb Code     4  stm32f10x_it.o(i.BusFault_Handler)
    CAN1_RX1_IRQHandler                      0x08000f71   Thumb Code   188  stm32f10x_it.o(i.CAN1_RX1_IRQHandler)
    CAN_Config                               0x08001039   Thumb Code    20  bsp_can.o(i.CAN_Config)
    CAN_DeInit                               0x0800104d   Thumb Code    50  stm32f10x_can.o(i.CAN_DeInit)
    CAN_FilterInit                           0x08001085   Thumb Code   258  stm32f10x_can.o(i.CAN_FilterInit)
    CAN_ITConfig                             0x0800127d   Thumb Code    18  stm32f10x_can.o(i.CAN_ITConfig)
    CAN_Init                                 0x0800128f   Thumb Code   276  stm32f10x_can.o(i.CAN_Init)
    CAN_Receive                              0x08001441   Thumb Code   240  stm32f10x_can.o(i.CAN_Receive)
    CAN_SetMsg                               0x08001531   Thumb Code    84  bsp_can.o(i.CAN_SetMsg)
    CAN_StructInit                           0x080015a1   Thumb Code    32  stm32f10x_can.o(i.CAN_StructInit)
    CAN_Transmit                             0x080015c1   Thumb Code   294  stm32f10x_can.o(i.CAN_Transmit)
    Control                                  0x080016e9   Thumb Code   412  main.o(i.Control)
    DHT22_GPIO_Config                        0x080018a9   Thumb Code    46  bsp_dht22.o(i.DHT22_GPIO_Config)
    DJ_GPIO_Config                           0x0800191d   Thumb Code    40  bsp_bjdj.o(i.DJ_GPIO_Config)
    DMA_Cmd                                  0x08001949   Thumb Code    24  stm32f10x_dma.o(i.DMA_Cmd)
    DMA_DeInit                               0x08001961   Thumb Code   324  stm32f10x_dma.o(i.DMA_DeInit)
    DMA_Init                                 0x08001aad   Thumb Code    60  stm32f10x_dma.o(i.DMA_Init)
    DS18B20_Get_Temp                         0x08001b21   Thumb Code   120  bsp_ds18b20.o(i.DS18B20_Get_Temp)
    DS18B20_Init                             0x08001ba5   Thumb Code    16  bsp_ds18b20.o(i.DS18B20_Init)
    DS18B20_Read_Byte                        0x08001c91   Thumb Code    34  bsp_ds18b20.o(i.DS18B20_Read_Byte)
    DS18B20_Start                            0x08001ce5   Thumb Code    24  bsp_ds18b20.o(i.DS18B20_Start)
    DS18B20_Write_Byte                       0x08001cfd   Thumb Code    96  bsp_ds18b20.o(i.DS18B20_Write_Byte)
    Data_synthesis                           0x08001d61   Thumb Code   264  main.o(i.Data_synthesis)
    DebugMon_Handler                         0x08001ea5   Thumb Code     2  stm32f10x_it.o(i.DebugMon_Handler)
    Delay                                    0x08001ea7   Thumb Code    18  bsp_ili9341_lcd.o(i.Delay)
    Delay_us                                 0x08001eb9   Thumb Code    36  bsp_systick.o(i.Delay_us)
    EXTI0_IRQHandler                         0x08001ee1   Thumb Code    24  stm32f10x_it.o(i.EXTI0_IRQHandler)
    EXTI15_10_IRQHandler                     0x08001efd   Thumb Code   238  stm32f10x_it.o(i.EXTI15_10_IRQHandler)
    EXTI2_IRQHandler                         0x08002001   Thumb Code   112  stm32f10x_it.o(i.EXTI2_IRQHandler)
    EXTI4_IRQHandler                         0x08002099   Thumb Code   134  stm32f10x_it.o(i.EXTI4_IRQHandler)
    EXTI9_5_IRQHandler                       0x08002131   Thumb Code    90  stm32f10x_it.o(i.EXTI9_5_IRQHandler)
    EXTI_ClearITPendingBit                   0x08002199   Thumb Code     6  stm32f10x_exti.o(i.EXTI_ClearITPendingBit)
    EXTI_Config                              0x080021a5   Thumb Code   258  bsp_it.o(i.EXTI_Config)
    EXTI_GetITStatus                         0x080022b1   Thumb Code    34  stm32f10x_exti.o(i.EXTI_GetITStatus)
    EXTI_Init                                0x080022d9   Thumb Code   142  stm32f10x_exti.o(i.EXTI_Init)
    FSMC_NORSRAMCmd                          0x0800236d   Thumb Code    46  stm32f10x_fsmc.o(i.FSMC_NORSRAMCmd)
    FSMC_NORSRAMInit                         0x080023a1   Thumb Code   230  stm32f10x_fsmc.o(i.FSMC_NORSRAMInit)
    GPIO_Config                              0x08002489   Thumb Code    38  bsp_bh1750.o(i.GPIO_Config)
    GPIO_EXTILineConfig                      0x080024b5   Thumb Code    60  stm32f10x_gpio.o(i.GPIO_EXTILineConfig)
    GPIO_Init                                0x080024f5   Thumb Code   278  stm32f10x_gpio.o(i.GPIO_Init)
    GPIO_PinRemapConfig                      0x0800260d   Thumb Code   138  stm32f10x_gpio.o(i.GPIO_PinRemapConfig)
    GPIO_ReadInputDataBit                    0x0800269d   Thumb Code    18  stm32f10x_gpio.o(i.GPIO_ReadInputDataBit)
    GPIO_ResetBits                           0x080026af   Thumb Code     4  stm32f10x_gpio.o(i.GPIO_ResetBits)
    GPIO_SetBits                             0x080026b3   Thumb Code     4  stm32f10x_gpio.o(i.GPIO_SetBits)
    HardFault_Handler                        0x080026b7   Thumb Code     4  stm32f10x_it.o(i.HardFault_Handler)
    LCD_Clear                                0x080026bb   Thumb Code   112  bsp_ili9341_lcd.o(i.LCD_Clear)
    LCD_DisNum                               0x0800272b   Thumb Code   104  bsp_ili9341_lcd.o(i.LCD_DisNum)
    LCD_DispChar                             0x08002795   Thumb Code   108  bsp_ili9341_lcd.o(i.LCD_DispChar)
    LCD_DispStr                              0x08002805   Thumb Code    60  bsp_ili9341_lcd.o(i.LCD_DispStr)
    LCD_FSMC_Config                          0x08002841   Thumb Code    94  bsp_ili9341_lcd.o(i.LCD_FSMC_Config)
    LCD_GPIO_Config                          0x080028a1   Thumb Code   174  bsp_ili9341_lcd.o(i.LCD_GPIO_Config)
    LCD_Init                                 0x08002961   Thumb Code    20  bsp_ili9341_lcd.o(i.LCD_Init)
    LCD_Interface                            0x08002975   Thumb Code   146  main.o(i.LCD_Interface)
    LCD_OpenWindow                           0x08002a85   Thumb Code    80  bsp_ili9341_lcd.o(i.LCD_OpenWindow)
    LCD_REG_Config                           0x08002ad5   Thumb Code   526  bsp_ili9341_lcd.o(i.LCD_REG_Config)
    LCD_Rst                                  0x08002ce9   Thumb Code    36  bsp_ili9341_lcd.o(i.LCD_Rst)
    LED_GPIO_Config                          0x08002d15   Thumb Code   138  bsp_led.o(i.LED_GPIO_Config)
    MemManage_Handler                        0x08002db5   Thumb Code     4  stm32f10x_it.o(i.MemManage_Handler)
    Mread                                    0x08002db9   Thumb Code    64  bsp_bh1750.o(i.Mread)
    NMI_Handler                              0x08002dfd   Thumb Code     2  stm32f10x_it.o(i.NMI_Handler)
    NVIC_Configuration                       0x08002dff   Thumb Code   132  bsp_it.o(i.NVIC_Configuration)
    NVIC_Init                                0x08002e85   Thumb Code   100  misc.o(i.NVIC_Init)
    NVIC_PriorityGroupConfig                 0x08002ef5   Thumb Code    10  misc.o(i.NVIC_PriorityGroupConfig)
    PendSV_Handler                           0x08002f09   Thumb Code     2  stm32f10x_it.o(i.PendSV_Handler)
    RCC_ADCCLKConfig                         0x08002f0d   Thumb Code    18  stm32f10x_rcc.o(i.RCC_ADCCLKConfig)
    RCC_AHBPeriphClockCmd                    0x08002f25   Thumb Code    26  stm32f10x_rcc.o(i.RCC_AHBPeriphClockCmd)
    RCC_APB1PeriphClockCmd                   0x08002f45   Thumb Code    26  stm32f10x_rcc.o(i.RCC_APB1PeriphClockCmd)
    RCC_APB1PeriphResetCmd                   0x08002f65   Thumb Code    26  stm32f10x_rcc.o(i.RCC_APB1PeriphResetCmd)
    RCC_APB2PeriphClockCmd                   0x08002f85   Thumb Code    26  stm32f10x_rcc.o(i.RCC_APB2PeriphClockCmd)
    RCC_GetClocksFreq                        0x08002fa5   Thumb Code   192  stm32f10x_rcc.o(i.RCC_GetClocksFreq)
    Read_DHT22                               0x080030d9   Thumb Code   156  bsp_dht22.o(i.Read_DHT22)
    SVC_Handler                              0x08003179   Thumb Code     2  stm32f10x_it.o(i.SVC_Handler)
    Single_Write_BH1750                      0x08003265   Thumb Code    26  bsp_bh1750.o(i.Single_Write_BH1750)
    SysTick_Handler                          0x0800327f   Thumb Code     8  stm32f10x_it.o(i.SysTick_Handler)
    SysTick_Init                             0x08003289   Thumb Code   106  bsp_systick.o(i.SysTick_Init)
    SystemInit                               0x08003305   Thumb Code    78  system_stm32f10x.o(i.SystemInit)
    TIM3_PWM_Init                            0x08003425   Thumb Code    12  bsp_pwm_output.o(i.TIM3_PWM_Init)
    TIM_ARRPreloadConfig                     0x08003431   Thumb Code    24  stm32f10x_tim.o(i.TIM_ARRPreloadConfig)
    TIM_Cmd                                  0x08003449   Thumb Code    24  stm32f10x_tim.o(i.TIM_Cmd)
    TIM_OC1Init                              0x08003461   Thumb Code   132  stm32f10x_tim.o(i.TIM_OC1Init)
    TIM_OC1PreloadConfig                     0x080034f9   Thumb Code    18  stm32f10x_tim.o(i.TIM_OC1PreloadConfig)
    TIM_OC2Init                              0x0800350d   Thumb Code   154  stm32f10x_tim.o(i.TIM_OC2Init)
    TIM_OC2PreloadConfig                     0x080035b1   Thumb Code    26  stm32f10x_tim.o(i.TIM_OC2PreloadConfig)
    TIM_TimeBaseInit                         0x080035cd   Thumb Code   122  stm32f10x_tim.o(i.TIM_TimeBaseInit)
    TimingDelay_Decrement                    0x08003671   Thumb Code    18  bsp_systick.o(i.TimingDelay_Decrement)
    USART1_Config                            0x08003689   Thumb Code   126  bsp_usart1.o(i.USART1_Config)
    USART_Cmd                                0x08003711   Thumb Code    24  stm32f10x_usart.o(i.USART_Cmd)
    USART_GetFlagStatus                      0x08003729   Thumb Code    26  stm32f10x_usart.o(i.USART_GetFlagStatus)
    USART_ITConfig                           0x08003743   Thumb Code    74  stm32f10x_usart.o(i.USART_ITConfig)
    USART_Init                               0x0800378d   Thumb Code   210  stm32f10x_usart.o(i.USART_Init)
    USART_SendData                           0x08003865   Thumb Code     8  stm32f10x_usart.o(i.USART_SendData)
    USB_LP_CAN1_RX0_IRQHandler               0x0800386d   Thumb Code    52  stm32f10x_it.o(i.USB_LP_CAN1_RX0_IRQHandler)
    UsageFault_Handler                       0x080038ad   Thumb Code     4  stm32f10x_it.o(i.UsageFault_Handler)
    __0printf$1                              0x080038b1   Thumb Code    22  printf1.o(i.__0printf$1)
    __1printf$1                              0x080038b1   Thumb Code     0  printf1.o(i.__0printf$1)
    __2printf                                0x080038b1   Thumb Code     0  printf1.o(i.__0printf$1)
    __scatterload_copy                       0x080038d1   Thumb Code    14  handlers.o(i.__scatterload_copy)
    __scatterload_null                       0x080038df   Thumb Code     2  handlers.o(i.__scatterload_null)
    __scatterload_zeroinit                   0x080038e1   Thumb Code    14  handlers.o(i.__scatterload_zeroinit)
    delay                                    0x08003a45   Thumb Code    18  stm32f10x_it.o(i.delay)
    dir_GPIO_Config                          0x08003a59   Thumb Code    38  bsp_bjdj.o(i.dir_GPIO_Config)
    end_GPIO_Config                          0x08003a85   Thumb Code    38  bsp_bjdj.o(i.end_GPIO_Config)
    fputc                                    0x08003ab1   Thumb Code    32  bsp_usart1.o(i.fputc)
    jdq_GPIO_Config                          0x08003ad5   Thumb Code    50  bsp_bjdj.o(i.jdq_GPIO_Config)
    main                                     0x08003b0d   Thumb Code   382  main.o(i.main)
    asc2_1206                                0x08003ccc   Data        1140  bsp_ili9341_lcd.o(.constdata)
    Region$$Table$$Base                      0x08004140   Number         0  anon$$obj.o(Region$$Table)
    Region$$Table$$Limit                     0x08004160   Number         0  anon$$obj.o(Region$$Table)
    SystemCoreClock                          0x20000000   Data           4  system_stm32f10x.o(.data)
    AHBPrescTable                            0x20000004   Data          16  system_stm32f10x.o(.data)
    flag                                     0x20000028   Data           1  bsp_can.o(.data)
    ADC_ConvertedValue                       0x2000002a   Data           4  bsp_adc.o(.data)
    BUF                                      0x2000002e   Data           8  bsp_bh1750.o(.data)
    dis_data                                 0x20000036   Data           2  bsp_bh1750.o(.data)
    mcy                                      0x20000038   Data           2  bsp_bh1750.o(.data)
    tpmsb                                    0x2000003a   Data           1  bsp_ds18b20.o(.data)
    tplsb                                    0x2000003b   Data           1  bsp_ds18b20.o(.data)
    CCR1                                     0x2000003c   Data           4  bsp_pwm_output.o(.data)
    E                                        0x20000044   Data           4  main.o(.data)
    C_flag                                   0x20000048   Data           1  main.o(.data)
    Concentration                            0x20000049   Data           1  main.o(.data)
    Humidity                                 0x2000004a   Data           1  main.o(.data)
    temp                                     0x2000004c   Data           4  main.o(.data)
    A                                        0x20000050   Data           4  stm32f10x_it.o(.data)
    B                                        0x20000054   Data           4  stm32f10x_it.o(.data)
    C                                        0x20000058   Data           4  stm32f10x_it.o(.data)
    D                                        0x2000005c   Data           4  stm32f10x_it.o(.data)
    Q                                        0x20000060   Data           4  stm32f10x_it.o(.data)
    l                                        0x20000064   Data           4  stm32f10x_it.o(.data)
    k                                        0x20000068   Data           4  stm32f10x_it.o(.data)
    m                                        0x2000006c   Data           4  stm32f10x_it.o(.data)
    __stdout                                 0x20000070   Data           4  stdout.o(.data)
    TxMessage                                0x20000074   Data          20  bsp_can.o(.bss)
    RxMessage                                0x20000088   Data          20  bsp_can.o(.bss)
    DHT22_Data                               0x2000009c   Data          10  main.o(.bss)
    __initial_sp                             0x200004a8   Data           0  startup_stm32f10x_hd.o(STACK)



==============================================================================

Memory Map of the image

  Image Entry point : 0x08000131

  Load Region LR_IROM1 (Base: 0x08000000, Size: 0x000041d4, Max: 0x00080000, ABSOLUTE)

    Execution Region ER_IROM1 (Exec base: 0x08000000, Load base: 0x08000000, Size: 0x00004160, Max: 0x00080000, ABSOLUTE)

    Exec Addr    Load Addr    Size         Type   Attr      Idx    E Section Name        Object

    0x08000000   0x08000000   0x00000130   Data   RO            3    RESET               startup_stm32f10x_hd.o
    0x08000130   0x08000130   0x00000000   Code   RO         2602  * .ARM.Collect$$$$00000000  mc_w.l(entry.o)
    0x08000130   0x08000130   0x00000004   Code   RO         2890    .ARM.Collect$$$$00000001  mc_w.l(entry2.o)
    0x08000134   0x08000134   0x00000004   Code   RO         2893    .ARM.Collect$$$$00000004  mc_w.l(entry5.o)
    0x08000138   0x08000138   0x00000000   Code   RO         2895    .ARM.Collect$$$$00000008  mc_w.l(entry7b.o)
    0x08000138   0x08000138   0x00000000   Code   RO         2897    .ARM.Collect$$$$0000000A  mc_w.l(entry8b.o)
    0x08000138   0x08000138   0x00000008   Code   RO         2898    .ARM.Collect$$$$0000000B  mc_w.l(entry9a.o)
    0x08000140   0x08000140   0x00000000   Code   RO         2900    .ARM.Collect$$$$0000000D  mc_w.l(entry10a.o)
    0x08000140   0x08000140   0x00000000   Code   RO         2902    .ARM.Collect$$$$0000000F  mc_w.l(entry11a.o)
    0x08000140   0x08000140   0x00000004   Code   RO         2891    .ARM.Collect$$$$00002712  mc_w.l(entry2.o)
    0x08000144   0x08000144   0x00000024   Code   RO            4    .text               startup_stm32f10x_hd.o
    0x08000168   0x08000168   0x0000007c   Code   RO         2866    .text               mf_w.l(fdiv.o)
    0x080001e4   0x080001e4   0x0000014e   Code   RO         2868    .text               mf_w.l(dadd.o)
    0x08000332   0x08000332   0x000000e4   Code   RO         2870    .text               mf_w.l(dmul.o)
    0x08000416   0x08000416   0x000000de   Code   RO         2872    .text               mf_w.l(ddiv.o)
    0x080004f4   0x080004f4   0x0000000a   Code   RO         2874    .text               mf_w.l(ffltui.o)
    0x080004fe   0x080004fe   0x00000022   Code   RO         2876    .text               mf_w.l(dflti.o)
    0x08000520   0x08000520   0x00000028   Code   RO         2878    .text               mf_w.l(ffixui.o)
    0x08000548   0x08000548   0x00000032   Code   RO         2880    .text               mf_w.l(dfixui.o)
    0x0800057a   0x0800057a   0x00000026   Code   RO         2882    .text               mf_w.l(f2d.o)
    0x080005a0   0x080005a0   0x00000038   Code   RO         2884    .text               mf_w.l(d2f.o)
    0x080005d8   0x080005d8   0x00000014   Code   RO         2886    .text               mf_w.l(cfcmple.o)
    0x080005ec   0x080005ec   0x00000014   Code   RO         2888    .text               mf_w.l(cfrcmple.o)
    0x08000600   0x08000600   0x0000002c   Code   RO         2905    .text               mc_w.l(uidiv.o)
    0x0800062c   0x0800062c   0x0000001e   Code   RO         2909    .text               mc_w.l(llshl.o)
    0x0800064a   0x0800064a   0x00000020   Code   RO         2911    .text               mc_w.l(llushr.o)
    0x0800066a   0x0800066a   0x00000024   Code   RO         2913    .text               mc_w.l(llsshr.o)
    0x0800068e   0x0800068e   0x00000000   Code   RO         2915    .text               mc_w.l(iusefp.o)
    0x0800068e   0x0800068e   0x0000006e   Code   RO         2916    .text               mf_w.l(fepilogue.o)
    0x080006fc   0x080006fc   0x000000ba   Code   RO         2918    .text               mf_w.l(depilogue.o)
    0x080007b6   0x080007b6   0x00000002   PAD
    0x080007b8   0x080007b8   0x00000024   Code   RO         2924    .text               mc_w.l(init.o)
    0x080007dc   0x080007dc   0x00000044   Code   RO         1894    i.ADC1_GPIO_Config  bsp_adc.o
    0x08000820   0x08000820   0x0000000c   Code   RO         1895    i.ADC1_Init         bsp_adc.o
    0x0800082c   0x0800082c   0x000000ec   Code   RO         1896    i.ADC1_Mode_Config  bsp_adc.o
    0x08000918   0x08000918   0x00000016   Code   RO          183    i.ADC_Cmd           stm32f10x_adc.o
    0x0800092e   0x0800092e   0x00000016   Code   RO          184    i.ADC_DMACmd        stm32f10x_adc.o
    0x08000944   0x08000944   0x00000014   Code   RO          191    i.ADC_GetCalibrationStatus  stm32f10x_adc.o
    0x08000958   0x08000958   0x00000014   Code   RO          197    i.ADC_GetResetCalibrationStatus  stm32f10x_adc.o
    0x0800096c   0x0800096c   0x00000050   Code   RO          201    i.ADC_Init          stm32f10x_adc.o
    0x080009bc   0x080009bc   0x000000b8   Code   RO          205    i.ADC_RegularChannelConfig  stm32f10x_adc.o
    0x08000a74   0x08000a74   0x0000000a   Code   RO          206    i.ADC_ResetCalibration  stm32f10x_adc.o
    0x08000a7e   0x08000a7e   0x00000016   Code   RO          208    i.ADC_SoftwareStartConvCmd  stm32f10x_adc.o
    0x08000a94   0x08000a94   0x0000000a   Code   RO          210    i.ADC_StartCalibration  stm32f10x_adc.o
    0x08000a9e   0x08000a9e   0x00000002   PAD
    0x08000aa0   0x08000aa0   0x0000029c   Code   RO         2438    i.Auto_Control      main.o
    0x08000d3c   0x08000d3c   0x0000000e   Code   RO         1922    i.BH1750_Init       bsp_bh1750.o
    0x08000d4a   0x08000d4a   0x00000002   PAD
    0x08000d4c   0x08000d4c   0x0000001c   Code   RO         1923    i.BH1750_Mode_IPU   bsp_bh1750.o
    0x08000d68   0x08000d68   0x00000024   Code   RO         1924    i.BH1750_Mode_Out_PP  bsp_bh1750.o
    0x08000d8c   0x08000d8c   0x0000004c   Code   RO         1925    i.BH1750_RecvACK    bsp_bh1750.o
    0x08000dd8   0x08000dd8   0x0000005c   Code   RO         1926    i.BH1750_RecvByte   bsp_bh1750.o
    0x08000e34   0x08000e34   0x00000048   Code   RO         1927    i.BH1750_SendACK    bsp_bh1750.o
    0x08000e7c   0x08000e7c   0x00000054   Code   RO         1928    i.BH1750_SendByte   bsp_bh1750.o
    0x08000ed0   0x08000ed0   0x0000003c   Code   RO         1929    i.BH1750_Start      bsp_bh1750.o
    0x08000f0c   0x08000f0c   0x0000002c   Code   RO         1930    i.BH1750_Stop       bsp_bh1750.o
    0x08000f38   0x08000f38   0x00000034   Code   RO         2037    i.BUZZER_GPIO_Config  bsp_buzzer.o
    0x08000f6c   0x08000f6c   0x00000004   Code   RO         2487    i.BusFault_Handler  stm32f10x_it.o
    0x08000f70   0x08000f70   0x000000c8   Code   RO         2488    i.CAN1_RX1_IRQHandler  stm32f10x_it.o
    0x08001038   0x08001038   0x00000014   Code   RO         1842    i.CAN_Config        bsp_can.o
    0x0800104c   0x0800104c   0x00000038   Code   RO          403    i.CAN_DeInit        stm32f10x_can.o
    0x08001084   0x08001084   0x00000108   Code   RO          405    i.CAN_FilterInit    stm32f10x_can.o
    0x0800118c   0x0800118c   0x00000094   Code   RO         1843    i.CAN_Filter_Config  bsp_can.o
    0x08001220   0x08001220   0x0000005c   Code   RO         1844    i.CAN_GPIO_Config   bsp_can.o
    0x0800127c   0x0800127c   0x00000012   Code   RO          411    i.CAN_ITConfig      stm32f10x_can.o
    0x0800128e   0x0800128e   0x00000114   Code   RO          412    i.CAN_Init          stm32f10x_can.o
    0x080013a2   0x080013a2   0x00000002   PAD
    0x080013a4   0x080013a4   0x00000058   Code   RO         1845    i.CAN_Mode_Config   bsp_can.o
    0x080013fc   0x080013fc   0x00000044   Code   RO         1846    i.CAN_NVIC_Config   bsp_can.o
    0x08001440   0x08001440   0x000000f0   Code   RO          415    i.CAN_Receive       stm32f10x_can.o
    0x08001530   0x08001530   0x00000070   Code   RO         1847    i.CAN_SetMsg        bsp_can.o
    0x080015a0   0x080015a0   0x00000020   Code   RO          418    i.CAN_StructInit    stm32f10x_can.o
    0x080015c0   0x080015c0   0x00000126   Code   RO          420    i.CAN_Transmit      stm32f10x_can.o
    0x080016e6   0x080016e6   0x00000002   PAD
    0x080016e8   0x080016e8   0x000001c0   Code   RO         2439    i.Control           main.o
    0x080018a8   0x080018a8   0x00000034   Code   RO         2088    i.DHT22_GPIO_Config  bsp_dht22.o
    0x080018dc   0x080018dc   0x0000001c   Code   RO         2089    i.DHT22_Mode_IPU    bsp_dht22.o
    0x080018f8   0x080018f8   0x00000024   Code   RO         2090    i.DHT22_Mode_Out_PP  bsp_dht22.o
    0x0800191c   0x0800191c   0x0000002c   Code   RO         2004    i.DJ_GPIO_Config    bsp_bjdj.o
    0x08001948   0x08001948   0x00000018   Code   RO          556    i.DMA_Cmd           stm32f10x_dma.o
    0x08001960   0x08001960   0x0000014c   Code   RO          557    i.DMA_DeInit        stm32f10x_dma.o
    0x08001aac   0x08001aac   0x0000003c   Code   RO          562    i.DMA_Init          stm32f10x_dma.o
    0x08001ae8   0x08001ae8   0x00000038   Code   RO         2121    i.DS18B20_GPIO_Config  bsp_ds18b20.o
    0x08001b20   0x08001b20   0x00000084   Code   RO         2122    i.DS18B20_Get_Temp  bsp_ds18b20.o
    0x08001ba4   0x08001ba4   0x00000010   Code   RO         2123    i.DS18B20_Init      bsp_ds18b20.o
    0x08001bb4   0x08001bb4   0x00000020   Code   RO         2124    i.DS18B20_Mode_IPU  bsp_ds18b20.o
    0x08001bd4   0x08001bd4   0x00000024   Code   RO         2125    i.DS18B20_Mode_Out_PP  bsp_ds18b20.o
    0x08001bf8   0x08001bf8   0x0000005c   Code   RO         2126    i.DS18B20_Presence  bsp_ds18b20.o
    0x08001c54   0x08001c54   0x0000003c   Code   RO         2127    i.DS18B20_Read_Bit  bsp_ds18b20.o
    0x08001c90   0x08001c90   0x00000022   Code   RO         2128    i.DS18B20_Read_Byte  bsp_ds18b20.o
    0x08001cb2   0x08001cb2   0x00000002   PAD
    0x08001cb4   0x08001cb4   0x00000030   Code   RO         2129    i.DS18B20_Rst       bsp_ds18b20.o
    0x08001ce4   0x08001ce4   0x00000018   Code   RO         2130    i.DS18B20_Start     bsp_ds18b20.o
    0x08001cfc   0x08001cfc   0x00000064   Code   RO         2131    i.DS18B20_Write_Byte  bsp_ds18b20.o
    0x08001d60   0x08001d60   0x00000144   Code   RO         2440    i.Data_synthesis    main.o
    0x08001ea4   0x08001ea4   0x00000002   Code   RO         2489    i.DebugMon_Handler  stm32f10x_it.o
    0x08001ea6   0x08001ea6   0x00000012   Code   RO         2208    i.Delay             bsp_ili9341_lcd.o
    0x08001eb8   0x08001eb8   0x00000028   Code   RO         2377    i.Delay_us          bsp_systick.o
    0x08001ee0   0x08001ee0   0x0000001c   Code   RO         2490    i.EXTI0_IRQHandler  stm32f10x_it.o
    0x08001efc   0x08001efc   0x00000104   Code   RO         2491    i.EXTI15_10_IRQHandler  stm32f10x_it.o
    0x08002000   0x08002000   0x00000098   Code   RO         2492    i.EXTI2_IRQHandler  stm32f10x_it.o
    0x08002098   0x08002098   0x00000098   Code   RO         2493    i.EXTI4_IRQHandler  stm32f10x_it.o
    0x08002130   0x08002130   0x00000068   Code   RO         2494    i.EXTI9_5_IRQHandler  stm32f10x_it.o
    0x08002198   0x08002198   0x0000000c   Code   RO          627    i.EXTI_ClearITPendingBit  stm32f10x_exti.o
    0x080021a4   0x080021a4   0x0000010c   Code   RO         2313    i.EXTI_Config       bsp_it.o
    0x080022b0   0x080022b0   0x00000028   Code   RO          631    i.EXTI_GetITStatus  stm32f10x_exti.o
    0x080022d8   0x080022d8   0x00000094   Code   RO          632    i.EXTI_Init         stm32f10x_exti.o
    0x0800236c   0x0800236c   0x00000034   Code   RO         1733    i.FSMC_NORSRAMCmd   stm32f10x_fsmc.o
    0x080023a0   0x080023a0   0x000000e6   Code   RO         1735    i.FSMC_NORSRAMInit  stm32f10x_fsmc.o
    0x08002486   0x08002486   0x00000002   PAD
    0x08002488   0x08002488   0x0000002c   Code   RO         1931    i.GPIO_Config       bsp_bh1750.o
    0x080024b4   0x080024b4   0x00000040   Code   RO          683    i.GPIO_EXTILineConfig  stm32f10x_gpio.o
    0x080024f4   0x080024f4   0x00000116   Code   RO          686    i.GPIO_Init         stm32f10x_gpio.o
    0x0800260a   0x0800260a   0x00000002   PAD
    0x0800260c   0x0800260c   0x00000090   Code   RO          688    i.GPIO_PinRemapConfig  stm32f10x_gpio.o
    0x0800269c   0x0800269c   0x00000012   Code   RO          690    i.GPIO_ReadInputDataBit  stm32f10x_gpio.o
    0x080026ae   0x080026ae   0x00000004   Code   RO          693    i.GPIO_ResetBits    stm32f10x_gpio.o
    0x080026b2   0x080026b2   0x00000004   Code   RO          694    i.GPIO_SetBits      stm32f10x_gpio.o
    0x080026b6   0x080026b6   0x00000004   Code   RO         2495    i.HardFault_Handler  stm32f10x_it.o
    0x080026ba   0x080026ba   0x00000070   Code   RO         2209    i.LCD_Clear         bsp_ili9341_lcd.o
    0x0800272a   0x0800272a   0x00000068   Code   RO         2210    i.LCD_DisNum        bsp_ili9341_lcd.o
    0x08002792   0x08002792   0x00000002   PAD
    0x08002794   0x08002794   0x00000070   Code   RO         2211    i.LCD_DispChar      bsp_ili9341_lcd.o
    0x08002804   0x08002804   0x0000003c   Code   RO         2212    i.LCD_DispStr       bsp_ili9341_lcd.o
    0x08002840   0x08002840   0x0000005e   Code   RO         2213    i.LCD_FSMC_Config   bsp_ili9341_lcd.o
    0x0800289e   0x0800289e   0x00000002   PAD
    0x080028a0   0x080028a0   0x000000c0   Code   RO         2214    i.LCD_GPIO_Config   bsp_ili9341_lcd.o
    0x08002960   0x08002960   0x00000014   Code   RO         2216    i.LCD_Init          bsp_ili9341_lcd.o
    0x08002974   0x08002974   0x00000110   Code   RO         2441    i.LCD_Interface     main.o
    0x08002a84   0x08002a84   0x00000050   Code   RO         2217    i.LCD_OpenWindow    bsp_ili9341_lcd.o
    0x08002ad4   0x08002ad4   0x00000214   Code   RO         2219    i.LCD_REG_Config    bsp_ili9341_lcd.o
    0x08002ce8   0x08002ce8   0x0000002c   Code   RO         2220    i.LCD_Rst           bsp_ili9341_lcd.o
    0x08002d14   0x08002d14   0x000000a0   Code   RO         2334    i.LED_GPIO_Config   bsp_led.o
    0x08002db4   0x08002db4   0x00000004   Code   RO         2496    i.MemManage_Handler  stm32f10x_it.o
    0x08002db8   0x08002db8   0x00000044   Code   RO         1932    i.Mread             bsp_bh1750.o
    0x08002dfc   0x08002dfc   0x00000002   Code   RO         2497    i.NMI_Handler       stm32f10x_it.o
    0x08002dfe   0x08002dfe   0x00000084   Code   RO         2314    i.NVIC_Configuration  bsp_it.o
    0x08002e82   0x08002e82   0x00000002   PAD
    0x08002e84   0x08002e84   0x00000070   Code   RO          137    i.NVIC_Init         misc.o
    0x08002ef4   0x08002ef4   0x00000014   Code   RO          138    i.NVIC_PriorityGroupConfig  misc.o
    0x08002f08   0x08002f08   0x00000002   Code   RO         2498    i.PendSV_Handler    stm32f10x_it.o
    0x08002f0a   0x08002f0a   0x00000002   PAD
    0x08002f0c   0x08002f0c   0x00000018   Code   RO          794    i.RCC_ADCCLKConfig  stm32f10x_rcc.o
    0x08002f24   0x08002f24   0x00000020   Code   RO          795    i.RCC_AHBPeriphClockCmd  stm32f10x_rcc.o
    0x08002f44   0x08002f44   0x00000020   Code   RO          796    i.RCC_APB1PeriphClockCmd  stm32f10x_rcc.o
    0x08002f64   0x08002f64   0x00000020   Code   RO          797    i.RCC_APB1PeriphResetCmd  stm32f10x_rcc.o
    0x08002f84   0x08002f84   0x00000020   Code   RO          798    i.RCC_APB2PeriphClockCmd  stm32f10x_rcc.o
    0x08002fa4   0x08002fa4   0x000000d4   Code   RO          806    i.RCC_GetClocksFreq  stm32f10x_rcc.o
    0x08003078   0x08003078   0x00000060   Code   RO         2091    i.Read_Byte         bsp_dht22.o
    0x080030d8   0x080030d8   0x000000a0   Code   RO         2092    i.Read_DHT22        bsp_dht22.o
    0x08003178   0x08003178   0x00000002   Code   RO         2499    i.SVC_Handler       stm32f10x_it.o
    0x0800317a   0x0800317a   0x00000008   Code   RO           24    i.SetSysClock       system_stm32f10x.o
    0x08003182   0x08003182   0x00000002   PAD
    0x08003184   0x08003184   0x000000e0   Code   RO           25    i.SetSysClockTo72   system_stm32f10x.o
    0x08003264   0x08003264   0x0000001a   Code   RO         1933    i.Single_Write_BH1750  bsp_bh1750.o
    0x0800327e   0x0800327e   0x00000008   Code   RO         2500    i.SysTick_Handler   stm32f10x_it.o
    0x08003286   0x08003286   0x00000002   PAD
    0x08003288   0x08003288   0x0000007c   Code   RO         2378    i.SysTick_Init      bsp_systick.o
    0x08003304   0x08003304   0x00000060   Code   RO           27    i.SystemInit        system_stm32f10x.o
    0x08003364   0x08003364   0x00000034   Code   RO         2349    i.TIM3_GPIO_Config  bsp_pwm_output.o
    0x08003398   0x08003398   0x0000008c   Code   RO         2350    i.TIM3_Mode_Config  bsp_pwm_output.o
    0x08003424   0x08003424   0x0000000c   Code   RO         2351    i.TIM3_PWM_Init     bsp_pwm_output.o
    0x08003430   0x08003430   0x00000018   Code   RO          998    i.TIM_ARRPreloadConfig  stm32f10x_tim.o
    0x08003448   0x08003448   0x00000018   Code   RO         1010    i.TIM_Cmd           stm32f10x_tim.o
    0x08003460   0x08003460   0x00000098   Code   RO         1039    i.TIM_OC1Init       stm32f10x_tim.o
    0x080034f8   0x080034f8   0x00000012   Code   RO         1042    i.TIM_OC1PreloadConfig  stm32f10x_tim.o
    0x0800350a   0x0800350a   0x00000002   PAD
    0x0800350c   0x0800350c   0x000000a4   Code   RO         1044    i.TIM_OC2Init       stm32f10x_tim.o
    0x080035b0   0x080035b0   0x0000001a   Code   RO         1047    i.TIM_OC2PreloadConfig  stm32f10x_tim.o
    0x080035ca   0x080035ca   0x00000002   PAD
    0x080035cc   0x080035cc   0x000000a4   Code   RO         1081    i.TIM_TimeBaseInit  stm32f10x_tim.o
    0x08003670   0x08003670   0x00000018   Code   RO         2379    i.TimingDelay_Decrement  bsp_systick.o
    0x08003688   0x08003688   0x00000088   Code   RO         2407    i.USART1_Config     bsp_usart1.o
    0x08003710   0x08003710   0x00000018   Code   RO         1546    i.USART_Cmd         stm32f10x_usart.o
    0x08003728   0x08003728   0x0000001a   Code   RO         1549    i.USART_GetFlagStatus  stm32f10x_usart.o
    0x08003742   0x08003742   0x0000004a   Code   RO         1552    i.USART_ITConfig    stm32f10x_usart.o
    0x0800378c   0x0800378c   0x000000d8   Code   RO         1553    i.USART_Init        stm32f10x_usart.o
    0x08003864   0x08003864   0x00000008   Code   RO         1563    i.USART_SendData    stm32f10x_usart.o
    0x0800386c   0x0800386c   0x00000040   Code   RO         2501    i.USB_LP_CAN1_RX0_IRQHandler  stm32f10x_it.o
    0x080038ac   0x080038ac   0x00000004   Code   RO         2502    i.UsageFault_Handler  stm32f10x_it.o
    0x080038b0   0x080038b0   0x00000020   Code   RO         2650    i.__0printf$1       mc_w.l(printf1.o)
    0x080038d0   0x080038d0   0x0000000e   Code   RO         2928    i.__scatterload_copy  mc_w.l(handlers.o)
    0x080038de   0x080038de   0x00000002   Code   RO         2929    i.__scatterload_null  mc_w.l(handlers.o)
    0x080038e0   0x080038e0   0x0000000e   Code   RO         2930    i.__scatterload_zeroinit  mc_w.l(handlers.o)
    0x080038ee   0x080038ee   0x00000002   PAD
    0x080038f0   0x080038f0   0x00000154   Code   RO         2657    i._printf_core      mc_w.l(printf1.o)
    0x08003a44   0x08003a44   0x00000012   Code   RO         2503    i.delay             stm32f10x_it.o
    0x08003a56   0x08003a56   0x00000002   PAD
    0x08003a58   0x08003a58   0x0000002c   Code   RO         2005    i.dir_GPIO_Config   bsp_bjdj.o
    0x08003a84   0x08003a84   0x0000002c   Code   RO         2006    i.end_GPIO_Config   bsp_bjdj.o
    0x08003ab0   0x08003ab0   0x00000024   Code   RO         2409    i.fputc             bsp_usart1.o
    0x08003ad4   0x08003ad4   0x00000038   Code   RO         2007    i.jdq_GPIO_Config   bsp_bjdj.o
    0x08003b0c   0x08003b0c   0x000001c0   Code   RO         2442    i.main              main.o
    0x08003ccc   0x08003ccc   0x00000474   Data   RO         2223    .constdata          bsp_ili9341_lcd.o
    0x08004140   0x08004140   0x00000020   Data   RO         2926    Region$$Table       anon$$obj.o


    Execution Region RW_IRAM1 (Exec base: 0x20000000, Load base: 0x08004160, Size: 0x000004a8, Max: 0x00010000, ABSOLUTE)

    Exec Addr    Load Addr    Size         Type   Attr      Idx    E Section Name        Object

    0x20000000   0x08004160   0x00000014   Data   RW           28    .data               system_stm32f10x.o
    0x20000014   0x08004174   0x00000014   Data   RW          826    .data               stm32f10x_rcc.o
    0x20000028   0x08004188   0x00000001   Data   RW         1849    .data               bsp_can.o
    0x20000029   0x08004189   0x00000001   PAD
    0x2000002a   0x0800418a   0x00000004   Data   RW         1897    .data               bsp_adc.o
    0x2000002e   0x0800418e   0x0000000c   Data   RW         1934    .data               bsp_bh1750.o
    0x2000003a   0x0800419a   0x00000002   Data   RW         2132    .data               bsp_ds18b20.o
    0x2000003c   0x0800419c   0x00000004   Data   RW         2352    .data               bsp_pwm_output.o
    0x20000040   0x080041a0   0x00000004   Data   RW         2380    .data               bsp_systick.o
    0x20000044   0x080041a4   0x0000000c   Data   RW         2444    .data               main.o
    0x20000050   0x080041b0   0x00000020   Data   RW         2504    .data               stm32f10x_it.o
    0x20000070   0x080041d0   0x00000004   Data   RW         2904    .data               mc_w.l(stdout.o)
    0x20000074        -       0x00000028   Zero   RW         1848    .bss                bsp_can.o
    0x2000009c        -       0x0000000a   Zero   RW         2443    .bss                main.o
    0x200000a6   0x080041d4   0x00000002   PAD
    0x200000a8        -       0x00000400   Zero   RW            1    STACK               startup_stm32f10x_hd.o


==============================================================================

Image component sizes


      Code (inc. data)   RO Data    RW Data    ZI Data      Debug   Object Name

       316         18          0          4          0       2013   bsp_adc.o
       644         52          0         12          0       6404   bsp_bh1750.o
       188         22          0          0          0       1919   bsp_bjdj.o
        52          6          0          0          0        493   bsp_buzzer.o
       528         44          0          1         40       3621   bsp_can.o
       372         26          0          0          0       2773   bsp_dht22.o
       630         48          0          2          0       5629   bsp_ds18b20.o
      1368         36       1140          0          0       7621   bsp_ili9341_lcd.o
       400         10          0          0          0       1187   bsp_it.o
       160         22          0          0          0        530   bsp_led.o
       204         16          0          4          0       1699   bsp_pwm_output.o
       188         28          0          4          0      17073   bsp_systick.o
       172         14          0          0          0       2352   bsp_usart1.o
         0          0          0          0          0       4508   core_cm3.o
      2160        360          0         12         10      18650   main.o
       132         22          0          0          0       1483   misc.o
        36          8        304          0       1024        844   startup_stm32f10x_hd.o
       390         10          0          0          0       7213   stm32f10x_adc.o
      1180         12          0          0          0       5294   stm32f10x_can.o
       416          8          0          0          0       3354   stm32f10x_dma.o
       200         18          0          0          0       2040   stm32f10x_exti.o
       282          6          0          0          0       1761   stm32f10x_fsmc.o
       512         10          0          0          0       4980   stm32f10x_gpio.o
      1010        122          0         32          0       8815   stm32f10x_it.o
       364         50          0         20          0       5974   stm32f10x_rcc.o
       572         72          0          0          0       4782   stm32f10x_tim.o
       348          6          0          0          0       4745   stm32f10x_usart.o
       328         28          0         20          0     287697   system_stm32f10x.o

    ----------------------------------------------------------------------
     13184       1074       1476        112       1076     415454   Object Totals
         0          0         32          0          0          0   (incl. Generated)
        32          0          0          1          2          0   (incl. Padding)

    ----------------------------------------------------------------------

      Code (inc. data)   RO Data    RW Data    ZI Data      Debug   Library Member Name

         0          0          0          0          0          0   entry.o
         0          0          0          0          0          0   entry10a.o
         0          0          0          0          0          0   entry11a.o
         8          4          0          0          0          0   entry2.o
         4          0          0          0          0          0   entry5.o
         0          0          0          0          0          0   entry7b.o
         0          0          0          0          0          0   entry8b.o
         8          4          0          0          0          0   entry9a.o
        30          0          0          0          0          0   handlers.o
        36          8          0          0          0         68   init.o
         0          0          0          0          0          0   iusefp.o
        30          0          0          0          0         68   llshl.o
        36          0          0          0          0         68   llsshr.o
        32          0          0          0          0         68   llushr.o
       372         14          0          0          0        184   printf1.o
         0          0          0          4          0          0   stdout.o
        44          0          0          0          0         80   uidiv.o
        20          0          0          0          0         68   cfcmple.o
        20          0          0          0          0         68   cfrcmple.o
        56          0          0          0          0         88   d2f.o
       334          0          0          0          0        148   dadd.o
       222          0          0          0          0        100   ddiv.o
       186          0          0          0          0        176   depilogue.o
        50          0          0          0          0         76   dfixui.o
        34          0          0          0          0         76   dflti.o
       228          0          0          0          0         96   dmul.o
        38          0          0          0          0         68   f2d.o
       124          0          0          0          0         88   fdiv.o
       110          0          0          0          0        168   fepilogue.o
        40          0          0          0          0         68   ffixui.o
        10          0          0          0          0         68   ffltui.o

    ----------------------------------------------------------------------
      2076         30          0          4          0       1892   Library Totals
         4          0          0          0          0          0   (incl. Padding)

    ----------------------------------------------------------------------

      Code (inc. data)   RO Data    RW Data    ZI Data      Debug   Library Name

       600         30          0          4          0        536   mc_w.l
      1472          0          0          0          0       1356   mf_w.l

    ----------------------------------------------------------------------
      2076         30          0          4          0       1892   Library Totals

    ----------------------------------------------------------------------

==============================================================================


      Code (inc. data)   RO Data    RW Data    ZI Data      Debug   

     15260       1104       1476        116       1076     409594   Grand Totals
     15260       1104       1476        116       1076     409594   ELF Image Totals
     15260       1104       1476        116          0          0   ROM Totals

==============================================================================

    Total RO  Size (Code + RO Data)                16736 (  16.34kB)
    Total RW  Size (RW Data + ZI Data)              1192 (   1.16kB)
    Total ROM Size (Code + RO Data + RW Data)      16852 (  16.46kB)

==============================================================================

