<html>
<body>
<pre>
<h1>礦ision Build Log</h1>
<h2>Tool Versions:</h2>
IDE-Version: μVision V5.25.2.0
Copyright (C) 2018 ARM Ltd and ARM Germany GmbH. All rights reserved.
License Information: 闫 金崟, 中北大学, LIC=----
 
Tool Versions:
Toolchain:       MDK-Lite  Version: 5.25.2.0
Toolchain Path:  D:\Keil MDK\ARM\ARMCC\Bin
C Compiler:      Armcc.exe V5.06 update 6 (build 750)
Assembler:       Armasm.exe V5.06 update 6 (build 750)
Linker/Locator:  ArmLink.exe V5.06 update 6 (build 750)
Library Manager: ArmAr.exe V5.06 update 6 (build 750)
Hex Converter:   FromElf.exe V5.06 update 6 (build 750)
CPU DLL:         SARMCM3.DLL V5.25.2.0
Dialog DLL:      DARMSTM.DLL V1.68.0.0
Target DLL:      UL2CM3.DLL V1.160.12.0
Dialog DLL:      TARMSTM.DLL V1.66.0.0
 
<h2>Project:</h2>
E:\实训\CAN_节点2\Project\RVMDK(UV4)\CAN_1.uvprojx
Project File Date:  05/11/2018

<h2>Output:</h2>
*** Using Compiler 'V5.06 update 6 (build 750)', folder: 'D:\Keil MDK\ARM\ARMCC\Bin'
Build target 'CAN_2'
assembling startup_stm32f10x_hd.s...
compiling core_cm3.c...
compiling system_stm32f10x.c...
compiling misc.c...
compiling stm32f10x_adc.c...
compiling stm32f10x_exti.c...
compiling stm32f10x_can.c...
compiling stm32f10x_dma.c...
compiling stm32f10x_gpio.c...
compiling stm32f10x_tim.c...
compiling stm32f10x_rcc.c...
compiling bsp_BH1750.c...
compiling bsp_CAN.c...
compiling stm32f10x_fsmc.c...
compiling bsp_bjdj.c...
compiling stm32f10x_usart.c...
compiling bsp_adc.c...
compiling bsp_buzzer.c...
compiling bsp_it.c...
compiling bsp_dht11.c...
compiling bsp_ili9341_lcd.c...
compiling bsp_dht22.c...
compiling bsp_E18.c...
compiling bsp_DS18B20.c...
..\..\User\bsp_DS18B20.h(27): warning:  #1-D: last line of file ends without a newline
  														
..\..\User\bsp_DS18B20.c: 1 warning, 0 errors
compiling bsp_led.c...
compiling bsp_usart1.c...
compiling bsp_SysTick.c...
compiling bsp_pwm_output.c...
..\..\User\bsp_pwm_output.c(95): warning:  #1-D: last line of file ends without a newline
  }
..\..\User\bsp_pwm_output.c: 1 warning, 0 errors
compiling stm32f10x_it.c...
..\..\User\stm32f10x_it.c(360): warning:  #1-D: last line of file ends without a newline
  	
..\..\User\stm32f10x_it.c: 1 warning, 0 errors
compiling main.c...
..\..\User\bsp_DS18B20.h(27): warning:  #1-D: last line of file ends without a newline
  														
..\..\User\main.c: 1 warning, 0 errors
linking...
Program Size: Code=15260 RO-data=1476 RW-data=116 ZI-data=1076  
FromELF: creating hex file...
"..\..\Output\CAN_1.axf" - 0 Error(s), 4 Warning(s).

<h2>Software Packages used:</h2>

Package Vendor: Keil
                http://www.keil.com/pack/Keil.STM32F1xx_DFP.2.2.0.pack
                Keil.STM32F1xx_DFP.2.2.0
                STMicroelectronics STM32F1 Series Device Support, Drivers and Examples

<h2>Collection of Component include folders:</h2>
  .\RTE\_CAN_2
  D:\Keil MDK\ARM\PACK\Keil\STM32F1xx_DFP\2.2.0\Device\Include

<h2>Collection of Component Files used:</h2>
Build Time Elapsed:  00:00:06
</pre>
</body>
</html>
