<html>
<body>
<pre>
<h1>礦ision Build Log</h1>
<h2>Tool Versions:</h2>
IDE-Version: μVision V5.14.0.0
Copyright (C) 2015 ARM Ltd and ARM Germany GmbH. All rights reserved.
License Information: 闫 金崟, 中北大学, LIC=Y2BQD-8RHQ5-UKAB6-DDFQ2-R17VX-TLPUR
 
Tool Versions:
Toolchain:       MDK-ARM Professional  Version: 5.14.0.0
Toolchain Path:  D:\Keil MDK\ARM\ARMCC\Bin
C Compiler:      Armcc.exe V5.05 update 1 (build 106)
Assembler:       Armasm.exe V5.05 update 1 (build 106)
Linker/Locator:  ArmLink.exe V5.05 update 1 (build 106)
Library Manager: ArmAr.exe V5.05 update 1 (build 106)
Hex Converter:   FromElf.exe V5.05 update 1 (build 106)
CPU DLL:         SARMCM3.DLL V5.14.0.0
Dialog DLL:      DARMSTM.DLL V1.65.0.0
Target DLL:      Segger\JL2CM3.dll V2.99.13.0
Dialog DLL:      TARMSTM.DLL V1.64.0.0
 
<h2>Project:</h2>
C:\Users\Verdvana\Desktop\CAN_节点1\Project\RVMDK(UV4)\CAN_Try.uvprojx
Project File Date:  05/27/2016

<h2>Output:</h2>
Build target 'CAN'
compiling main.c...
..\..\User\bsp_DS18B20.h(26): warning:  #1-D: last line of file ends without a newline
                                                                                                                
..\..\User\main.c: 1 warning, 0 errors
linking...
Program Size: Code=15308 RO-data=1476 RW-data=136 ZI-data=1080  
FromELF: creating hex file...
"..\..\Output\CAN_Try.axf" - 0 Error(s), 1 Warning(s).

<h2>Collection of Component include folders:</h2>
  C:\Users\Verdvana\Desktop\CAN_节点1\Project\RVMDK(UV4)\RTE
  D:\Keil MDK\ARM\PACK\Keil\STM32F1xx_DFP\2.0.0

<h2>Collection of Component Files used:</h2>
</pre>
</body>
</html>
