<html>
<body>
<pre>
<h1>µVision Build Log</h1>
<h2>Project:</h2>
D:\MDK4.72\STM32\CAN_½Úµã1\Project\RVMDK(UV4)\CAN_Try.uvproj
Project File Date:  05/20/2016

<h2>Output:</h2>
Build target 'CAN'
compiling main.c...
..\..\User\bsp_DS18B20.h(26): warning:  #1-D: last line of file ends without a newline
..\..\User\bsp_bjdj.h(7): warning:  #1-D: last line of file ends without a newline
..\..\User\main.c(60): warning:  #111-D: statement is unreachable
linking...
..\..\Output\CAN_Try.axf: Error: L6218E: Undefined symbol TIM3_PWM_Init (referred from main.o).
..\..\Output\CAN_Try.axf: Error: L6218E: Undefined symbol dir_GPIO_Config (referred from main.o).
..\..\Output\CAN_Try.axf: Error: L6218E: Undefined symbol end_GPIO_Config (referred from main.o).
..\..\Output\CAN_Try.axf: Error: L6218E: Undefined symbol CCR1 (referred from stm32f10x_it.o).
"..\..\Output\CAN_Try.axf" - 4 Errors, 3 Warning(s).
Target not created
Build target 'CAN'
compiling bsp_bjdj.c...
..\..\User\bsp_bjdj.h(7): warning:  #1-D: last line of file ends without a newline
..\..\User\bsp_bjdj.c(82): warning:  #1-D: last line of file ends without a newline
compiling bsp_pwm_output.c...
..\..\User\bsp_pwm_output.c(98): warning:  #1-D: last line of file ends without a newline
linking...
Program Size: Code=5500 RO-data=1476 RW-data=92 ZI-data=1068  
FromELF: creating hex file...
"..\..\Output\CAN_Try.axf" - 0 Errors, 3 Warning(s).
Build target 'CAN'
compiling bsp_pwm_output.c...
..\..\User\bsp_pwm_output.c(98): warning:  #1-D: last line of file ends without a newline
linking...
Program Size: Code=5512 RO-data=1476 RW-data=92 ZI-data=1068  
FromELF: creating hex file...
"..\..\Output\CAN_Try.axf" - 0 Errors, 1 Warning(s).
Build target 'CAN'
linking...
Program Size: Code=5512 RO-data=1476 RW-data=92 ZI-data=1068  
FromELF: creating hex file...
"..\..\Output\CAN_Try.axf" - 0 Errors, 0 Warning(s).
Build target 'CAN'
compiling main.c...
..\..\User\bsp_DS18B20.h(26): warning:  #1-D: last line of file ends without a newline
..\..\User\bsp_bjdj.h(7): warning:  #1-D: last line of file ends without a newline
compiling stm32f10x_it.c...
..\..\User\stm32f10x_it.c(356): warning:  #1-D: last line of file ends without a newline
linking...
Program Size: Code=14276 RO-data=1476 RW-data=108 ZI-data=1076  
FromELF: creating hex file...
"..\..\Output\CAN_Try.axf" - 0 Errors, 3 Warning(s).
Build target 'CAN'
linking...
Program Size: Code=14276 RO-data=1476 RW-data=108 ZI-data=1076  
FromELF: creating hex file...
"..\..\Output\CAN_Try.axf" - 0 Errors, 0 Warning(s).
Build target 'CAN'
linking...
Program Size: Code=14276 RO-data=1476 RW-data=108 ZI-data=1076  
FromELF: creating hex file...
"..\..\Output\CAN_Try.axf" - 0 Errors, 0 Warning(s).
Build target 'CAN'
compiling stm32f10x_it.c...
..\..\User\stm32f10x_it.c(356): warning:  #1-D: last line of file ends without a newline
linking...
Program Size: Code=14300 RO-data=1476 RW-data=108 ZI-data=1076  
FromELF: creating hex file...
"..\..\Output\CAN_Try.axf" - 0 Errors, 1 Warning(s).
Build target 'CAN'
compiling stm32f10x_it.c...
..\..\User\stm32f10x_it.c(356): warning:  #1-D: last line of file ends without a newline
linking...
Program Size: Code=14316 RO-data=1476 RW-data=108 ZI-data=1076  
FromELF: creating hex file...
"..\..\Output\CAN_Try.axf" - 0 Errors, 1 Warning(s).
Build target 'CAN'
compiling stm32f10x_it.c...
..\..\User\stm32f10x_it.c(356): warning:  #1-D: last line of file ends without a newline
compiling bsp_pwm_output.c...
..\..\User\bsp_pwm_output.c(98): warning:  #1-D: last line of file ends without a newline
linking...
Program Size: Code=14280 RO-data=1476 RW-data=108 ZI-data=1076  
FromELF: creating hex file...
"..\..\Output\CAN_Try.axf" - 0 Errors, 2 Warning(s).
Build target 'CAN'
linking...
Program Size: Code=14280 RO-data=1476 RW-data=108 ZI-data=1076  
FromELF: creating hex file...
"..\..\Output\CAN_Try.axf" - 0 Errors, 0 Warning(s).
Build target 'CAN'
compiling bsp_pwm_output.c...
..\..\User\bsp_pwm_output.c(98): warning:  #1-D: last line of file ends without a newline
linking...
Program Size: Code=14280 RO-data=1476 RW-data=108 ZI-data=1076  
FromELF: creating hex file...
"..\..\Output\CAN_Try.axf" - 0 Errors, 1 Warning(s).
Build target 'CAN'
compiling main.c...
..\..\User\bsp_DS18B20.h(26): warning:  #1-D: last line of file ends without a newline
..\..\User\bsp_bjdj.h(7): warning:  #1-D: last line of file ends without a newline
linking...
Program Size: Code=14280 RO-data=1476 RW-data=108 ZI-data=1076  
FromELF: creating hex file...
"..\..\Output\CAN_Try.axf" - 0 Errors, 2 Warning(s).
Build target 'CAN'
compiling main.c...
..\..\User\bsp_DS18B20.h(26): warning:  #1-D: last line of file ends without a newline
..\..\User\bsp_bjdj.h(7): warning:  #1-D: last line of file ends without a newline
linking...
Program Size: Code=14280 RO-data=1476 RW-data=108 ZI-data=1076  
FromELF: creating hex file...
"..\..\Output\CAN_Try.axf" - 0 Errors, 2 Warning(s).
Build target 'CAN'
linking...
Program Size: Code=14280 RO-data=1476 RW-data=108 ZI-data=1076  
FromELF: creating hex file...
"..\..\Output\CAN_Try.axf" - 0 Errors, 0 Warning(s).
Build target 'CAN'
compiling stm32f10x_it.c...
..\..\User\stm32f10x_it.c(356): warning:  #1-D: last line of file ends without a newline
linking...
Program Size: Code=14316 RO-data=1476 RW-data=108 ZI-data=1076  
FromELF: creating hex file...
"..\..\Output\CAN_Try.axf" - 0 Errors, 1 Warning(s).
Build target 'CAN'
compiling bsp_pwm_output.c...
..\..\User\bsp_pwm_output.c(98): warning:  #1-D: last line of file ends without a newline
linking...
Program Size: Code=14316 RO-data=1476 RW-data=108 ZI-data=1076  
FromELF: creating hex file...
"..\..\Output\CAN_Try.axf" - 0 Errors, 1 Warning(s).
Build target 'CAN'
compiling bsp_pwm_output.c...
..\..\User\bsp_pwm_output.c(98): warning:  #1-D: last line of file ends without a newline
linking...
Program Size: Code=14316 RO-data=1476 RW-data=108 ZI-data=1076  
FromELF: creating hex file...
"..\..\Output\CAN_Try.axf" - 0 Errors, 1 Warning(s).
Build target 'CAN'
compiling stm32f10x_it.c...
..\..\User\stm32f10x_it.c(356): warning:  #1-D: last line of file ends without a newline
linking...
Program Size: Code=14316 RO-data=1476 RW-data=108 ZI-data=1076  
FromELF: creating hex file...
"..\..\Output\CAN_Try.axf" - 0 Errors, 1 Warning(s).
Build target 'CAN'
linking...
Program Size: Code=14316 RO-data=1476 RW-data=108 ZI-data=1076  
FromELF: creating hex file...
"..\..\Output\CAN_Try.axf" - 0 Errors, 0 Warning(s).
Build target 'CAN'
compiling main.c...
..\..\User\bsp_DS18B20.h(26): warning:  #1-D: last line of file ends without a newline
..\..\User\bsp_bjdj.h(7): warning:  #1-D: last line of file ends without a newline
compiling stm32f10x_it.c...
..\..\User\stm32f10x_it.c(357): warning:  #1-D: last line of file ends without a newline
compiling bsp_pwm_output.c...
..\..\User\bsp_pwm_output.c(95): warning:  #1-D: last line of file ends without a newline
linking...
Program Size: Code=14336 RO-data=1476 RW-data=108 ZI-data=1076  
FromELF: creating hex file...
"..\..\Output\CAN_Try.axf" - 0 Errors, 4 Warning(s).
Build target 'CAN'
compiling main.c...
..\..\User\bsp_DS18B20.h(26): warning:  #1-D: last line of file ends without a newline
..\..\User\bsp_bjdj.h(7): warning:  #1-D: last line of file ends without a newline
compiling stm32f10x_it.c...
..\..\User\stm32f10x_it.c(357): warning:  #1-D: last line of file ends without a newline
linking...
Program Size: Code=14348 RO-data=1476 RW-data=108 ZI-data=1076  
FromELF: creating hex file...
"..\..\Output\CAN_Try.axf" - 0 Errors, 3 Warning(s).
Build target 'CAN'
compiling main.c...
..\..\User\bsp_DS18B20.h(26): warning:  #1-D: last line of file ends without a newline
..\..\User\bsp_bjdj.h(7): warning:  #1-D: last line of file ends without a newline
linking...
Program Size: Code=14456 RO-data=1476 RW-data=108 ZI-data=1076  
FromELF: creating hex file...
"..\..\Output\CAN_Try.axf" - 0 Errors, 2 Warning(s).
Build target 'CAN'
compiling main.c...
..\..\User\bsp_DS18B20.h(26): warning:  #1-D: last line of file ends without a newline
..\..\User\bsp_bjdj.h(7): warning:  #1-D: last line of file ends without a newline
compiling stm32f10x_it.c...
..\..\User\stm32f10x_it.c(360): warning:  #1-D: last line of file ends without a newline
linking...
Program Size: Code=14456 RO-data=1476 RW-data=108 ZI-data=1076  
FromELF: creating hex file...
"..\..\Output\CAN_Try.axf" - 0 Errors, 3 Warning(s).
