<html>
<body>
<pre>
<h1>µVision Build Log</h1>
<h2>Project:</h2>
D:\MDK4.72\STM32\CAN×ÜÏß\CAN_¿ØÖÆÊÒ\Project\RVMDK(UV4)\CAN.uvproj
Project File Date:  05/15/2016

<h2>Output:</h2>
Build target 'CAN'
compiling stm32f10x_it.c...
compiling bsp_led.c...
linking...
Program Size: Code=10000 RO-data=336 RW-data=88 ZI-data=1064  
FromELF: creating hex file...
"..\..\Output\CAN.axf" - 0 Errors, 0 Warning(s).
Build target 'CAN'
compiling stm32f10x_it.c...
linking...
Program Size: Code=10004 RO-data=336 RW-data=88 ZI-data=1064  
FromELF: creating hex file...
"..\..\Output\CAN.axf" - 0 Errors, 0 Warning(s).
Build target 'CAN'
compiling stm32f10x_it.c...
linking...
Program Size: Code=9964 RO-data=336 RW-data=88 ZI-data=1064  
FromELF: creating hex file...
"..\..\Output\CAN.axf" - 0 Errors, 0 Warning(s).
Build target 'CAN'
compiling main.c...
linking...
Program Size: Code=9980 RO-data=336 RW-data=88 ZI-data=1064  
FromELF: creating hex file...
"..\..\Output\CAN.axf" - 0 Errors, 0 Warning(s).
Build target 'CAN'
compiling main.c...
linking...
Program Size: Code=9968 RO-data=336 RW-data=88 ZI-data=1064  
FromELF: creating hex file...
"..\..\Output\CAN.axf" - 0 Errors, 0 Warning(s).
Build target 'CAN'
compiling stm32f10x_it.c...
linking...
Program Size: Code=10004 RO-data=336 RW-data=88 ZI-data=1064  
FromELF: creating hex file...
"..\..\Output\CAN.axf" - 0 Errors, 0 Warning(s).
Build target 'CAN'
compiling stm32f10x_it.c...
linking...
Program Size: Code=10008 RO-data=336 RW-data=88 ZI-data=1064  
FromELF: creating hex file...
"..\..\Output\CAN.axf" - 0 Errors, 0 Warning(s).
Build target 'CAN'
linking...
Program Size: Code=10008 RO-data=336 RW-data=88 ZI-data=1064  
FromELF: creating hex file...
"..\..\Output\CAN.axf" - 0 Errors, 0 Warning(s).
