<html>
<body>
<pre>
<h1>礦ision Build Log</h1>
<h2>Project:</h2>
D:\MDK4.72\STM32\CAN总线\CAN_节点1\Project\RVMDK(UV4)\CAN_1.uvproj
Project File Date:  06/01/2016

<h2>Output:</h2>
Build target 'CAN_1'
assembling startup_stm32f10x_hd.s...
compiling core_cm3.c...
compiling system_stm32f10x.c...
compiling misc.c...
compiling stm32f10x_adc.c...
compiling stm32f10x_can.c...
compiling stm32f10x_dma.c...
compiling stm32f10x_exti.c...
compiling stm32f10x_gpio.c...
compiling stm32f10x_rcc.c...
compiling stm32f10x_tim.c...
compiling stm32f10x_usart.c...
compiling bsp_CAN.c...
compiling bsp_adc.c...
compiling bsp_BH1750.c...
compiling bsp_bjdj.c...
compiling bsp_buzzer.c...
compiling bsp_dht11.c...
compiling bsp_dht22.c...
compiling bsp_DS18B20.c...
..\..\User\bsp_DS18B20.h(26): warning:  #1-D: last line of file ends without a newline
compiling bsp_E18.c...
compiling bsp_ili9341_lcd.c...
compiling bsp_it.c...
compiling bsp_led.c...
compiling bsp_pwm_output.c...
..\..\User\bsp_pwm_output.c(95): warning:  #1-D: last line of file ends without a newline
compiling bsp_SysTick.c...
compiling bsp_usart1.c...
compiling main.c...
..\..\User\bsp_DS18B20.h(26): warning:  #1-D: last line of file ends without a newline
..\..\User\main.c(156): error:  #29: expected an expression
..\..\User\main.c(302): warning:  #1-D: last line of file ends without a newline
compiling stm32f10x_it.c...
..\..\User\stm32f10x_it.c(361): warning:  #1-D: last line of file ends without a newline
"..\..\Output\CAN_1.axf" - 1 Errors, 5 Warning(s).
Target not created
Build target 'CAN_1'
assembling startup_stm32f10x_hd.s...
compiling core_cm3.c...
compiling system_stm32f10x.c...
compiling misc.c...
compiling stm32f10x_adc.c...
compiling stm32f10x_can.c...
compiling stm32f10x_dma.c...
compiling stm32f10x_exti.c...
compiling stm32f10x_gpio.c...
compiling stm32f10x_rcc.c...
compiling stm32f10x_tim.c...
compiling stm32f10x_usart.c...
compiling bsp_CAN.c...
compiling bsp_adc.c...
compiling bsp_BH1750.c...
compiling bsp_bjdj.c...
compiling bsp_buzzer.c...
compiling bsp_dht11.c...
compiling bsp_dht22.c...
compiling bsp_DS18B20.c...
..\..\User\bsp_DS18B20.h(26): warning:  #1-D: last line of file ends without a newline
compiling bsp_E18.c...
compiling bsp_ili9341_lcd.c...
compiling bsp_it.c...
compiling bsp_led.c...
compiling bsp_pwm_output.c...
..\..\User\bsp_pwm_output.c(95): warning:  #1-D: last line of file ends without a newline
compiling bsp_SysTick.c...
compiling bsp_usart1.c...
compiling main.c...
..\..\User\bsp_DS18B20.h(26): warning:  #1-D: last line of file ends without a newline
..\..\User\main.c(302): warning:  #1-D: last line of file ends without a newline
compiling stm32f10x_it.c...
..\..\User\stm32f10x_it.c(361): warning:  #1-D: last line of file ends without a newline
linking...
..\..\Output\CAN_1.axf: Error: L6218E: Undefined symbol FSMC_NORSRAMCmd (referred from bsp_ili9341_lcd.o).
..\..\Output\CAN_1.axf: Error: L6218E: Undefined symbol FSMC_NORSRAMInit (referred from bsp_ili9341_lcd.o).
"..\..\Output\CAN_1.axf" - 2 Errors, 5 Warning(s).
Target not created
Build target 'CAN_1'
compiling stm32f10x_fsmc.c...
compiling main.c...
..\..\User\bsp_DS18B20.h(26): warning:  #1-D: last line of file ends without a newline
..\..\User\main.c(302): warning:  #1-D: last line of file ends without a newline
linking...
Program Size: Code=15132 RO-data=1476 RW-data=120 ZI-data=1080  
FromELF: creating hex file...
"..\..\Output\CAN_1.axf" - 0 Errors, 2 Warning(s).
Build target 'CAN_1'
compiling stm32f10x_fsmc.c...
compiling bsp_DS18B20.c...
..\..\User\bsp_DS18B20.h(27): warning:  #1-D: last line of file ends without a newline
compiling main.c...
..\..\User\bsp_DS18B20.h(27): warning:  #1-D: last line of file ends without a newline
linking...
Program Size: Code=15132 RO-data=1476 RW-data=120 ZI-data=1080  
FromELF: creating hex file...
"..\..\Output\CAN_1.axf" - 0 Errors, 2 Warning(s).
Build target 'CAN_2'
compiling bsp_CAN.c...
compiling main.c...
..\..\User\bsp_DS18B20.h(27): warning:  #1-D: last line of file ends without a newline
compiling stm32f10x_it.c...
..\..\User\stm32f10x_it.c(360): warning:  #1-D: last line of file ends without a newline
linking...
Program Size: Code=15104 RO-data=1476 RW-data=120 ZI-data=1080  
FromELF: creating hex file...
"..\..\Output\CAN_1.axf" - 0 Errors, 2 Warning(s).
Build target 'CAN_2'
compiling main.c...
..\..\User\bsp_DS18B20.h(27): warning:  #1-D: last line of file ends without a newline
linking...
Program Size: Code=15104 RO-data=1476 RW-data=120 ZI-data=1080  
FromELF: creating hex file...
"..\..\Output\CAN_1.axf" - 0 Errors, 1 Warning(s).
Build target 'CAN_2'
compiling bsp_CAN.c...
linking...
Program Size: Code=15104 RO-data=1476 RW-data=120 ZI-data=1080  
FromELF: creating hex file...
"..\..\Output\CAN_1.axf" - 0 Errors, 0 Warning(s).
