<html>
<body>
<pre>
<h1>µVision Build Log</h1>
<h2>Project:</h2>
D:\MDK4.72\STM32\CAN×ÜÏß\CAN_Try\Project\RVMDK(UV4)\CAN_Try.uvproj
Project File Date:  05/16/2016

<h2>Output:</h2>
Build target 'CAN'
assembling startup_stm32f10x_hd.s...
compiling core_cm3.c...
compiling system_stm32f10x.c...
compiling misc.c...
compiling stm32f10x_adc.c...
compiling stm32f10x_bkp.c...
compiling stm32f10x_can.c...
compiling stm32f10x_cec.c...
compiling stm32f10x_crc.c...
compiling stm32f10x_dac.c...
compiling stm32f10x_dbgmcu.c...
compiling stm32f10x_dma.c...
compiling stm32f10x_exti.c...
compiling stm32f10x_flash.c...
compiling stm32f10x_fsmc.c...
compiling stm32f10x_gpio.c...
compiling stm32f10x_i2c.c...
compiling stm32f10x_iwdg.c...
compiling stm32f10x_pwr.c...
compiling stm32f10x_rcc.c...
compiling stm32f10x_rtc.c...
compiling stm32f10x_sdio.c...
compiling stm32f10x_spi.c...
compiling stm32f10x_tim.c...
compiling stm32f10x_usart.c...
compiling stm32f10x_wwdg.c...
compiling bsp_adc.c...
compiling bsp_BH1750.c...
compiling bsp_buzzer.c...
compiling bsp_dht11.c...
compiling bsp_dht22.c...
compiling bsp_DS18B20.c...
..\..\User\bsp_DS18B20.h(26): warning:  #1-D: last line of file ends without a newline
compiling bsp_E18.c...
compiling bsp_ili9341_lcd.c...
compiling bsp_it.c...
compiling bsp_led.c...
compiling bsp_SysTick.c...
compiling bsp_usart1.c...
compiling main.c...
..\..\User\bsp_DS18B20.h(26): warning:  #1-D: last line of file ends without a newline
compiling stm32f10x_it.c...
compiling bsp_CAN.c...
linking...
..\..\Output\CAN_Try.axf: Error: L6218E: Undefined symbol DHT11_Data (referred from bsp_can.o).
"..\..\Output\CAN_Try.axf" - 1 Errors, 2 Warning(s).
Target not created
Build target 'CAN'
assembling startup_stm32f10x_hd.s...
compiling core_cm3.c...
compiling system_stm32f10x.c...
compiling misc.c...
compiling stm32f10x_adc.c...
compiling stm32f10x_bkp.c...
compiling stm32f10x_can.c...
compiling stm32f10x_cec.c...
compiling stm32f10x_crc.c...
compiling stm32f10x_dac.c...
compiling stm32f10x_dbgmcu.c...
compiling stm32f10x_dma.c...
compiling stm32f10x_exti.c...
compiling stm32f10x_flash.c...
compiling stm32f10x_fsmc.c...
compiling stm32f10x_gpio.c...
compiling stm32f10x_i2c.c...
compiling stm32f10x_iwdg.c...
compiling stm32f10x_pwr.c...
compiling stm32f10x_rcc.c...
compiling stm32f10x_rtc.c...
compiling stm32f10x_sdio.c...
compiling stm32f10x_spi.c...
compiling stm32f10x_tim.c...
compiling stm32f10x_usart.c...
compiling stm32f10x_wwdg.c...
compiling bsp_adc.c...
compiling bsp_BH1750.c...
compiling bsp_buzzer.c...
compiling bsp_dht11.c...
compiling bsp_dht22.c...
compiling bsp_DS18B20.c...
..\..\User\bsp_DS18B20.h(26): warning:  #1-D: last line of file ends without a newline
compiling bsp_E18.c...
compiling bsp_ili9341_lcd.c...
compiling bsp_it.c...
compiling bsp_led.c...
compiling bsp_SysTick.c...
compiling bsp_usart1.c...
compiling main.c...
..\..\User\bsp_DS18B20.h(26): warning:  #1-D: last line of file ends without a newline
compiling stm32f10x_it.c...
compiling bsp_CAN.c...
..\..\User\CAN\bsp_CAN.c(24): error:  #20: identifier "DHT22_Data_TypeDef" is undefined
"..\..\Output\CAN_Try.axf" - 1 Errors, 2 Warning(s).
Target not created
Build target 'CAN'
compiling bsp_CAN.c...
..\..\User\CAN\bsp_CAN.c(174): error:  #136: struct "<unnamed>" has no field "temp_int"
..\..\User\CAN\bsp_CAN.c(175): error:  #136: struct "<unnamed>" has no field "humi_int"
"..\..\Output\CAN_Try.axf" - 2 Errors, 0 Warning(s).
Target not created
Build target 'CAN'
compiling bsp_CAN.c...
linking...
..\..\Output\CAN_Try.axf: Error: L6200E: Symbol DHT22_Data multiply defined (by bsp_can.o and main.o).
"..\..\Output\CAN_Try.axf" - 1 Errors, 0 Warning(s).
Target not created
Build target 'CAN'
compiling bsp_CAN.c...
linking...
Program Size: Code=10816 RO-data=1476 RW-data=92 ZI-data=1076  
FromELF: creating hex file...
"..\..\Output\CAN_Try.axf" - 0 Errors, 0 Warning(s).
Build target 'CAN'
compiling main.c...
..\..\User\bsp_DS18B20.h(26): warning:  #1-D: last line of file ends without a newline
compiling stm32f10x_it.c...
compiling bsp_CAN.c...
linking...
Program Size: Code=10856 RO-data=1476 RW-data=92 ZI-data=1076  
FromELF: creating hex file...
"..\..\Output\CAN_Try.axf" - 0 Errors, 1 Warning(s).
Build target 'CAN'
compiling main.c...
..\..\User\bsp_DS18B20.h(26): warning:  #1-D: last line of file ends without a newline
linking...
Program Size: Code=12136 RO-data=1476 RW-data=92 ZI-data=1076  
FromELF: creating hex file...
"..\..\Output\CAN_Try.axf" - 0 Errors, 1 Warning(s).
Build target 'CAN'
linking...
Program Size: Code=12136 RO-data=1476 RW-data=92 ZI-data=1076  
FromELF: creating hex file...
"..\..\Output\CAN_Try.axf" - 0 Errors, 0 Warning(s).
Build target 'CAN'
compiling bsp_CAN.c...
linking...
Program Size: Code=12140 RO-data=1476 RW-data=92 ZI-data=1076  
FromELF: creating hex file...
"..\..\Output\CAN_Try.axf" - 0 Errors, 0 Warning(s).
Build target 'CAN'
compiling bsp_CAN.c...
linking...
Program Size: Code=12140 RO-data=1476 RW-data=92 ZI-data=1076  
FromELF: creating hex file...
"..\..\Output\CAN_Try.axf" - 0 Errors, 0 Warning(s).
Build target 'CAN'
compiling main.c...
..\..\User\bsp_DS18B20.h(26): warning:  #1-D: last line of file ends without a newline
compiling bsp_CAN.c...
linking...
Program Size: Code=12172 RO-data=1476 RW-data=88 ZI-data=1080  
FromELF: creating hex file...
"..\..\Output\CAN_Try.axf" - 0 Errors, 1 Warning(s).
